#
# There is insufficient memory for the Java Runtime Environment to continue.
# Native memory allocation (mmap) failed to map 24117248 bytes. Error detail: committing reserved memory.
# Possible reasons:
#   The system is out of physical RAM or swap space
#   This process is running with CompressedOops enabled, and the Java Heap may be blocking the growth of the native heap
# Possible solutions:
#   Reduce memory load on the system
#   Increase physical memory or swap space
#   Check if swap backing store is full
#   Decrease Java heap size (-Xmx/-Xms)
#   Decrease number of Java threads
#   Decrease Java thread stack sizes (-Xss)
#   Set larger code cache with -XX:ReservedCodeCacheSize=
#   JVM is running with Unscaled Compressed Oops mode in which the Java heap is
#     placed in the first 4GB address space. The Java Heap base address is the
#     maximum limit for the native heap growth. Please use -XX:HeapBaseMinAddress
#     to set the Java Heap base and to place the Java Heap above 4GB virtual address.
# This output file may be truncated or incomplete.
#
#  Out of Memory Error (os_linux.cpp:2834), pid=12701, tid=12709
#
# JRE version: OpenJDK Runtime Environment (17.0.20+8) (build 17.0.20+8-1-deb12u1-Debian)
# Java VM: OpenJDK 64-Bit Server VM (17.0.20+8-1-deb12u1-Debian, mixed mode, sharing, tiered, compressed oops, compressed class ptrs, g1 gc, linux-amd64)
# No core dump will be written. Core dumps have been disabled. To enable core dumping, try "ulimit -c unlimited" before starting Java again
#

---------------  S U M M A R Y ------------

Command Line: org.jetbrains.kotlin.cli.jvm.K2JVMCompiler @/workspace/app/build/20261001_17219646498230166063.compiler.options

Host: Intel(R) Xeon(R) Processor @ 2.90GHz, 2 cores, 2G, Debian GNU/Linux 12 (bookworm)
Time: Thu Oct  1 12:27:03 2026 UTC elapsed time: 15.015060 seconds (0d 0h 0m 15s)

---------------  T H R E A D  ---------------

Current thread (0x00007f2ed8091be0):  VMThread "VM Thread" [stack: 0x00007f2ec0062000,0x00007f2ec0162000] [id=12709]

Stack: [0x00007f2ec0062000,0x00007f2ec0162000],  sp=0x00007f2ec0160020,  free space=1016k
Native frames: (J=compiled Java code, j=interpreted, Vv=VM code, C=native code)
V  [libjvm.so+0xf21211]  VMError::report_and_die(int, char const*, char const*, __va_list_tag*, Thread*, unsigned char*, void*, void*, char const*, int, unsigned long)+0x171
V  [libjvm.so+0xf21d7d]  VMError::report_and_die(Thread*, char const*, int, unsigned long, VMErrorType, char const*, __va_list_tag*)+0x2d
V  [libjvm.so+0x60378c]  report_vm_out_of_memory(char const*, int, unsigned long, VMErrorType, char const*, ...)+0xdc
V  [libjvm.so+0xc2a14b]  os::pd_commit_memory_or_exit(char*, unsigned long, unsigned long, bool, char const*)+0xeb
V  [libjvm.so+0xc23ffb]  os::commit_memory_or_exit(char*, unsigned long, unsigned long, bool, char const*)+0x1b
V  [libjvm.so+0x733436]  G1PageBasedVirtualSpace::commit(unsigned long, unsigned long)+0x66
V  [libjvm.so+0x7473e0]  G1RegionsLargerThanCommitSizeMapper::commit_regions(unsigned int, unsigned long, WorkGang*)+0x110
V  [libjvm.so+0x7dadc8]  HeapRegionManager::commit_regions(unsigned int, unsigned long, WorkGang*)+0x88
V  [libjvm.so+0x7dcc0b]  HeapRegionManager::expand(unsigned int, unsigned int, WorkGang*)+0x2b
V  [libjvm.so+0x7dce27]  HeapRegionManager::expand_by(unsigned int, WorkGang*)+0x77
V  [libjvm.so+0x6ebed8]  G1CollectedHeap::expand(unsigned long, WorkGang*, double*)+0xe8
V  [libjvm.so+0x6eea5d]  G1CollectedHeap::resize_heap_if_necessary()+0x3d
V  [libjvm.so+0x6fbd64]  G1ConcurrentMark::remark()+0x3d4
V  [libjvm.so+0x76b861]  VM_G1PauseConcurrent::doit()+0x181
V  [libjvm.so+0xf26715]  VM_Operation::evaluate()+0xe5
V  [libjvm.so+0xf28005]  VMThread::evaluate_operation(VM_Operation*)+0x105
V  [libjvm.so+0xf2857f]  VMThread::inner_execute(VM_Operation*)+0x28f
V  [libjvm.so+0xf2878f]  VMThread::run()+0xbf
V  [libjvm.so+0xea40a5]  Thread::call_run()+0xa5
V  [libjvm.so+0xc2c8f3]  thread_native_entry(Thread*)+0xe3

VM_Operation (0x00007f2edc47abf0): G1PauseRemark, mode: safepoint, requested by thread 0x00007f2ed804b920


---------------  P R O C E S S  ---------------

Threads class SMR info:
_java_thread_list=0x00007f2ed80b07c0, length=11, elements={
0x00007f2ed80187a0, 0x00007f2ed8095bb0, 0x00007f2ed8096f90, 0x00007f2ed809dba0,
0x00007f2ed809ef50, 0x00007f2ed80a0360, 0x00007f2ed80a1d10, 0x00007f2ed80a3240,
0x00007f2ed80a46b0, 0x00007f2ed80ac800, 0x00007f2ed80af830
}

Java Threads: ( => current thread )
  0x00007f2ed80187a0 JavaThread "main" [_thread_blocked, id=12703, stack(0x00007f2edcca9000,0x00007f2edcda9000)]
  0x00007f2ed8095bb0 JavaThread "Reference Handler" daemon [_thread_blocked, id=12710, stack(0x00007f2eb1f00000,0x00007f2eb2000000)]
  0x00007f2ed8096f90 JavaThread "Finalizer" daemon [_thread_blocked, id=12711, stack(0x00007f2eb1dff000,0x00007f2eb1eff000)]
  0x00007f2ed809dba0 JavaThread "Signal Dispatcher" daemon [_thread_blocked, id=12712, stack(0x00007f2eb1cfe000,0x00007f2eb1dfe000)]
  0x00007f2ed809ef50 JavaThread "Service Thread" daemon [_thread_blocked, id=12713, stack(0x00007f2eb1bfd000,0x00007f2eb1cfd000)]
  0x00007f2ed80a0360 JavaThread "Monitor Deflation Thread" daemon [_thread_blocked, id=12714, stack(0x00007f2eb1afc000,0x00007f2eb1bfc000)]
  0x00007f2ed80a1d10 JavaThread "C2 CompilerThread0" daemon [_thread_blocked, id=12715, stack(0x00007f2eb19fb000,0x00007f2eb1afb000)]
  0x00007f2ed80a3240 JavaThread "C1 CompilerThread0" daemon [_thread_blocked, id=12716, stack(0x00007f2eb18fa000,0x00007f2eb19fa000)]
  0x00007f2ed80a46b0 JavaThread "Sweeper thread" daemon [_thread_blocked, id=12717, stack(0x00007f2eb17f9000,0x00007f2eb18f9000)]
  0x00007f2ed80ac800 JavaThread "Notification Thread" daemon [_thread_blocked, id=12718, stack(0x00007f2eb16f8000,0x00007f2eb17f8000)]
  0x00007f2ed80af830 JavaThread "Common-Cleaner" daemon [_thread_blocked, id=12720, stack(0x00007f2eb14f6000,0x00007f2eb15f6000)]

Other Threads:
=>0x00007f2ed8091be0 VMThread "VM Thread" [stack: 0x00007f2ec0062000,0x00007f2ec0162000] [id=12709]
  0x00007f2ed80ae140 WatcherThread [stack: 0x00007f2eb15f7000,0x00007f2eb16f7000] [id=12719]
  0x00007f2ed8046340 GCTaskThread "GC Thread#0" [stack: 0x00007f2edc47d000,0x00007f2edc57d000] [id=12704]
  0x00007f2e5c004990 GCTaskThread "GC Thread#1" [stack: 0x00007f2eb1100000,0x00007f2eb1200000] [id=12721]
  0x00007f2ed804b920 ConcurrentGCThread "G1 Main Marker" [stack: 0x00007f2edc37c000,0x00007f2edc47c000] [id=12705]
  0x00007f2ed804c890 ConcurrentGCThread "G1 Conc#0" [stack: 0x00007f2edc27b000,0x00007f2edc37b000] [id=12706]
  0x00007f2ed806b4c0 ConcurrentGCThread "G1 Refine#0" [stack: 0x00007f2ec0411000,0x00007f2ec0511000] [id=12707]
  0x00007f2eac000ea0 ConcurrentGCThread "G1 Refine#1" [stack: 0x00007f2eb0fff000,0x00007f2eb10ff000] [id=12725]
  0x00007f2ed806c3c0 ConcurrentGCThread "G1 Service" [stack: 0x00007f2ec0310000,0x00007f2ec0410000] [id=12708]

Threads with active compile tasks:
C2 CompilerThread0  15030 4466   !   4       java.net.URL::<init> (543 bytes)
C1 CompilerThread0  15030 4481       3       org.jetbrains.kotlin.metadata.ProtoBuf$Type$Argument::isInitialized (49 bytes)

VM state: at safepoint (normal execution)

VM Mutex/Monitor currently owned by a thread:  ([mutex/lock_event])
[0x00007f2ed80158c0] Threads_lock - owner thread: 0x00007f2ed8091be0
[0x00007f2ed8016070] Heap_lock - owner thread: 0x00007f2ed804b920

Heap address: 0x00000000e0000000, size: 512 MB, Compressed Oops mode: 32-bit

CDS archive(s) mapped at: [0x00007f2e63000000-0x00007f2e63bca000-0x00007f2e63bca000), size 12361728, SharedBaseAddress: 0x00007f2e63000000, ArchiveRelocationMode: 1.
Compressed class space mapped at: 0x00007f2e64000000-0x00007f2ea4000000, reserved size: 1073741824
Narrow klass base: 0x00007f2e63000000, Narrow klass shift: 0, Narrow klass range: 0x100000000

GC Precious Log:
 CPUs: 2 total, 2 available
 Memory: 2048M
 Large Page Support: Disabled
 NUMA Support: Disabled
 Compressed Oops: Enabled (32-bit)
 Heap Region Size: 1M
 Heap Min Capacity: 8M
 Heap Initial Capacity: 32M
 Heap Max Capacity: 512M
 Pre-touch: Disabled
 Parallel Workers: 2
 Concurrent Workers: 1
 Concurrent Refinement Workers: 2
 Periodic GC: Disabled

Heap:
 garbage-first heap   total 77824K, used 57748K [0x00000000e0000000, 0x0000000100000000)
  region size 1024K, 13 young (13312K), 3 survivors (3072K)
 Metaspace       used 41467K, committed 41728K, reserved 1114112K
  class space    used 4946K, committed 5056K, reserved 1048576K

Heap Regions: E=young(eden), S=young(survivor), O=old, HS=humongous(starts), HC=humongous(continues), CS=collection set, F=free, OA=open archive, CA=closed archive, TAMS=top-at-mark-start (previous, next)
|   0|0x00000000e0000000, 0x00000000e0100000, 0x00000000e0100000|100%|HS|  |TAMS 0x00000000e0100000, 0x00000000e0000000| Complete 
|   1|0x00000000e0100000, 0x00000000e0200000, 0x00000000e0200000|100%|HC|  |TAMS 0x00000000e0200000, 0x00000000e0100000| Complete 
|   2|0x00000000e0200000, 0x00000000e0300000, 0x00000000e0300000|100%|HC|  |TAMS 0x00000000e0300000, 0x00000000e0200000| Complete 
|   3|0x00000000e0300000, 0x00000000e0400000, 0x00000000e0400000|100%| O|  |TAMS 0x00000000e0400000, 0x00000000e0300000| Untracked 
|   4|0x00000000e0400000, 0x00000000e0500000, 0x00000000e0500000|100%| O|  |TAMS 0x00000000e0500000, 0x00000000e0400000| Updating 
|   5|0x00000000e0500000, 0x00000000e0600000, 0x00000000e0600000|100%| O|  |TAMS 0x00000000e0600000, 0x00000000e0500000| Untracked 
|   6|0x00000000e0600000, 0x00000000e0700000, 0x00000000e0700000|100%| O|  |TAMS 0x00000000e0700000, 0x00000000e0600000| Untracked 
|   7|0x00000000e0700000, 0x00000000e0800000, 0x00000000e0800000|100%| O|  |TAMS 0x00000000e0800000, 0x00000000e0700000| Untracked 
|   8|0x00000000e0800000, 0x00000000e0900000, 0x00000000e0900000|100%| O|  |TAMS 0x00000000e0900000, 0x00000000e0800000| Untracked 
|   9|0x00000000e0900000, 0x00000000e0a00000, 0x00000000e0a00000|100%| O|  |TAMS 0x00000000e0a00000, 0x00000000e0900000| Untracked 
|  10|0x00000000e0a00000, 0x00000000e0b00000, 0x00000000e0b00000|100%| O|  |TAMS 0x00000000e0b00000, 0x00000000e0a00000| Untracked 
|  11|0x00000000e0b00000, 0x00000000e0c00000, 0x00000000e0c00000|100%| O|  |TAMS 0x00000000e0c00000, 0x00000000e0b00000| Untracked 
|  12|0x00000000e0c00000, 0x00000000e0d00000, 0x00000000e0d00000|100%| O|  |TAMS 0x00000000e0d00000, 0x00000000e0c00000| Untracked 
|  13|0x00000000e0d00000, 0x00000000e0e00000, 0x00000000e0e00000|100%| O|  |TAMS 0x00000000e0e00000, 0x00000000e0d00000| Untracked 
|  14|0x00000000e0e00000, 0x00000000e0f00000, 0x00000000e0f00000|100%| O|  |TAMS 0x00000000e0f00000, 0x00000000e0e00000| Untracked 
|  15|0x00000000e0f00000, 0x00000000e1000000, 0x00000000e1000000|100%| O|  |TAMS 0x00000000e1000000, 0x00000000e0f00000| Updating 
|  16|0x00000000e1000000, 0x00000000e1100000, 0x00000000e1100000|100%| O|  |TAMS 0x00000000e1100000, 0x00000000e1000000| Updating 
|  17|0x00000000e1100000, 0x00000000e1200000, 0x00000000e1200000|100%| O|  |TAMS 0x00000000e1200000, 0x00000000e1100000| Untracked 
|  18|0x00000000e1200000, 0x00000000e1300000, 0x00000000e1300000|100%| O|  |TAMS 0x00000000e1300000, 0x00000000e1200000| Updating 
|  19|0x00000000e1300000, 0x00000000e1400000, 0x00000000e1400000|100%| O|  |TAMS 0x00000000e1400000, 0x00000000e1300000| Updating 
|  20|0x00000000e1400000, 0x00000000e1500000, 0x00000000e1500000|100%| O|  |TAMS 0x00000000e1500000, 0x00000000e1400000| Untracked 
|  21|0x00000000e1500000, 0x00000000e1600000, 0x00000000e1600000|100%| O|  |TAMS 0x00000000e1600000, 0x00000000e1500000| Untracked 
|  22|0x00000000e1600000, 0x00000000e1700000, 0x00000000e1700000|100%| O|  |TAMS 0x00000000e1700000, 0x00000000e1600000| Untracked 
|  23|0x00000000e1700000, 0x00000000e1800000, 0x00000000e1800000|100%| O|  |TAMS 0x00000000e1800000, 0x00000000e1700000| Untracked 
|  24|0x00000000e1800000, 0x00000000e1900000, 0x00000000e1900000|100%| O|  |TAMS 0x00000000e1900000, 0x00000000e1800000| Untracked 
|  25|0x00000000e1900000, 0x00000000e1a00000, 0x00000000e1a00000|100%| O|  |TAMS 0x00000000e1a00000, 0x00000000e1900000| Untracked 
|  26|0x00000000e1a00000, 0x00000000e1b00000, 0x00000000e1b00000|100%| O|  |TAMS 0x00000000e1b00000, 0x00000000e1a00000| Untracked 
|  27|0x00000000e1b00000, 0x00000000e1c00000, 0x00000000e1c00000|100%| O|  |TAMS 0x00000000e1c00000, 0x00000000e1b00000| Untracked 
|  28|0x00000000e1c00000, 0x00000000e1d00000, 0x00000000e1d00000|100%| O|  |TAMS 0x00000000e1d00000, 0x00000000e1c00000| Untracked 
|  29|0x00000000e1d00000, 0x00000000e1e00000, 0x00000000e1e00000|100%| O|  |TAMS 0x00000000e1e00000, 0x00000000e1d00000| Untracked 
|  30|0x00000000e1e00000, 0x00000000e1f00000, 0x00000000e1f00000|100%| O|  |TAMS 0x00000000e1f00000, 0x00000000e1e00000| Untracked 
|  31|0x00000000e1f00000, 0x00000000e2000000, 0x00000000e2000000|100%| O|  |TAMS 0x00000000e2000000, 0x00000000e1f00000| Updating 
|  32|0x00000000e2000000, 0x00000000e2100000, 0x00000000e2100000|100%| O|  |TAMS 0x00000000e2100000, 0x00000000e2000000| Untracked 
|  33|0x00000000e2100000, 0x00000000e2200000, 0x00000000e2200000|100%| O|  |TAMS 0x00000000e2200000, 0x00000000e2100000| Untracked 
|  34|0x00000000e2200000, 0x00000000e2300000, 0x00000000e2300000|100%| O|  |TAMS 0x00000000e2300000, 0x00000000e2200000| Untracked 
|  35|0x00000000e2300000, 0x00000000e2400000, 0x00000000e2400000|100%| O|  |TAMS 0x00000000e2400000, 0x00000000e2300000| Untracked 
|  36|0x00000000e2400000, 0x00000000e2500000, 0x00000000e2500000|100%| O|  |TAMS 0x00000000e2500000, 0x00000000e2400000| Updating 
|  37|0x00000000e2500000, 0x00000000e2600000, 0x00000000e2600000|100%| O|  |TAMS 0x00000000e2578200, 0x00000000e2500000| Updating 
|  38|0x00000000e2600000, 0x00000000e2700000, 0x00000000e2700000|100%| O|  |TAMS 0x00000000e2600000, 0x00000000e2600000| Untracked 
|  39|0x00000000e2700000, 0x00000000e2800000, 0x00000000e2800000|100%| O|  |TAMS 0x00000000e2700000, 0x00000000e2700000| Untracked 
|  40|0x00000000e2800000, 0x00000000e2900000, 0x00000000e2900000|100%| O|  |TAMS 0x00000000e2800000, 0x00000000e2800000| Untracked 
|  41|0x00000000e2900000, 0x00000000e2a00000, 0x00000000e2a00000|100%| O|  |TAMS 0x00000000e2900000, 0x00000000e2900000| Untracked 
|  42|0x00000000e2a00000, 0x00000000e2a78000, 0x00000000e2b00000| 46%| O|  |TAMS 0x00000000e2a00000, 0x00000000e2a00000| Updating 
|  43|0x00000000e2b00000, 0x00000000e2c00000, 0x00000000e2c00000|100%|HS|  |TAMS 0x00000000e2b00000, 0x00000000e2b00000| Complete 
|  44|0x00000000e2c00000, 0x00000000e2c00000, 0x00000000e2d00000|  0%| F|  |TAMS 0x00000000e2c00000, 0x00000000e2c00000| Untracked 
|  45|0x00000000e2d00000, 0x00000000e2d00000, 0x00000000e2e00000|  0%| F|  |TAMS 0x00000000e2d00000, 0x00000000e2d00000| Untracked 
|  46|0x00000000e2e00000, 0x00000000e2e00000, 0x00000000e2f00000|  0%| F|  |TAMS 0x00000000e2e00000, 0x00000000e2e00000| Untracked 
|  47|0x00000000e2f00000, 0x00000000e2f00000, 0x00000000e3000000|  0%| F|  |TAMS 0x00000000e2f00000, 0x00000000e2f00000| Untracked 
|  48|0x00000000e3000000, 0x00000000e3000000, 0x00000000e3100000|  0%| F|  |TAMS 0x00000000e3000000, 0x00000000e3000000| Untracked 
|  49|0x00000000e3100000, 0x00000000e3100000, 0x00000000e3200000|  0%| F|  |TAMS 0x00000000e3100000, 0x00000000e3100000| Untracked 
|  50|0x00000000e3200000, 0x00000000e3200000, 0x00000000e3300000|  0%| F|  |TAMS 0x00000000e3200000, 0x00000000e3200000| Untracked 
|  51|0x00000000e3300000, 0x00000000e3300000, 0x00000000e3400000|  0%| F|  |TAMS 0x00000000e3300000, 0x00000000e3300000| Untracked 
|  52|0x00000000e3400000, 0x00000000e3400000, 0x00000000e3500000|  0%| F|  |TAMS 0x00000000e3400000, 0x00000000e3400000| Untracked 
|  53|0x00000000e3500000, 0x00000000e3500000, 0x00000000e3600000|  0%| F|  |TAMS 0x00000000e3500000, 0x00000000e3500000| Untracked 
|  54|0x00000000e3600000, 0x00000000e3600000, 0x00000000e3700000|  0%| F|  |TAMS 0x00000000e3600000, 0x00000000e3600000| Untracked 
|  55|0x00000000e3700000, 0x00000000e3700000, 0x00000000e3800000|  0%| F|  |TAMS 0x00000000e3700000, 0x00000000e3700000| Untracked 
|  56|0x00000000e3800000, 0x00000000e3800000, 0x00000000e3900000|  0%| F|  |TAMS 0x00000000e3800000, 0x00000000e3800000| Untracked 
|  57|0x00000000e3900000, 0x00000000e3a00000, 0x00000000e3a00000|100%| S|CS|TAMS 0x00000000e3900000, 0x00000000e3900000| Complete 
|  58|0x00000000e3a00000, 0x00000000e3b00000, 0x00000000e3b00000|100%| S|CS|TAMS 0x00000000e3a00000, 0x00000000e3a00000| Complete 
|  59|0x00000000e3b00000, 0x00000000e3c00000, 0x00000000e3c00000|100%| S|CS|TAMS 0x00000000e3b00000, 0x00000000e3b00000| Complete 
|  60|0x00000000e3c00000, 0x00000000e3c00000, 0x00000000e3d00000|  0%| F|  |TAMS 0x00000000e3c00000, 0x00000000e3c00000| Untracked 
|  61|0x00000000e3d00000, 0x00000000e3d00000, 0x00000000e3e00000|  0%| F|  |TAMS 0x00000000e3d00000, 0x00000000e3d00000| Untracked 
|  62|0x00000000e3e00000, 0x00000000e3e00000, 0x00000000e3f00000|  0%| F|  |TAMS 0x00000000e3e00000, 0x00000000e3e00000| Untracked 
|  63|0x00000000e3f00000, 0x00000000e3f00000, 0x00000000e4000000|  0%| F|  |TAMS 0x00000000e3f00000, 0x00000000e3f00000| Untracked 
|  64|0x00000000e4000000, 0x00000000e4037318, 0x00000000e4100000| 21%| E|  |TAMS 0x00000000e4000000, 0x00000000e4000000| Complete 
|  65|0x00000000e4100000, 0x00000000e4200000, 0x00000000e4200000|100%| E|CS|TAMS 0x00000000e4100000, 0x00000000e4100000| Complete 
|  66|0x00000000e4200000, 0x00000000e4300000, 0x00000000e4300000|100%| E|CS|TAMS 0x00000000e4200000, 0x00000000e4200000| Complete 
|  67|0x00000000e4300000, 0x00000000e4400000, 0x00000000e4400000|100%| E|CS|TAMS 0x00000000e4300000, 0x00000000e4300000| Complete 
|  68|0x00000000e4400000, 0x00000000e4500000, 0x00000000e4500000|100%| E|CS|TAMS 0x00000000e4400000, 0x00000000e4400000| Complete 
|  69|0x00000000e4500000, 0x00000000e4600000, 0x00000000e4600000|100%| E|CS|TAMS 0x00000000e4500000, 0x00000000e4500000| Complete 
|  70|0x00000000e4600000, 0x00000000e4700000, 0x00000000e4700000|100%| E|CS|TAMS 0x00000000e4600000, 0x00000000e4600000| Complete 
|  71|0x00000000e4700000, 0x00000000e4800000, 0x00000000e4800000|100%| E|CS|TAMS 0x00000000e4700000, 0x00000000e4700000| Complete 
|  72|0x00000000e4800000, 0x00000000e4900000, 0x00000000e4900000|100%| E|CS|TAMS 0x00000000e4800000, 0x00000000e4800000| Complete 
|  73|0x00000000e4900000, 0x00000000e4a00000, 0x00000000e4a00000|100%| E|CS|TAMS 0x00000000e4900000, 0x00000000e4900000| Complete 
| 510|0x00000000ffe00000, 0x00000000ffe75000, 0x00000000fff00000| 45%|OA|  |TAMS 0x00000000ffe75000, 0x00000000ffe00000| Untracked 
| 511|0x00000000fff00000, 0x00000000fff78000, 0x0000000100000000| 46%|CA|  |TAMS 0x00000000fff78000, 0x00000000fff00000| Untracked 

Card table byte_map: [0x00007f2edc68f000,0x00007f2edc78f000] _byte_map_base: 0x00007f2edbf8f000

Marking Bits (Prev, Next): (CMBitMap*) 0x00007f2ed8046e10, (CMBitMap*) 0x00007f2ed8046dd0
 Prev Bits: [0x00007f2ec0511000, 0x00007f2ec0d11000)
 Next Bits: [0x00007f2ec0d11000, 0x00007f2ec1511000)

Polling page: 0x00007f2ede646000

Metaspace:

Usage:
  Non-class:     35.67 MB used.
      Class:      4.83 MB used.
       Both:     40.50 MB used.

Virtual space:
  Non-class space:       64.00 MB reserved,      35.81 MB ( 56%) committed,  1 nodes.
      Class space:        1.00 GB reserved,       4.94 MB ( <1%) committed,  1 nodes.
             Both:        1.06 GB reserved,      40.75 MB (  4%) committed. 

Chunk freelists:
   Non-Class:  10.84 MB
       Class:  11.06 MB
        Both:  21.91 MB

MaxMetaspaceSize: unlimited
CompressedClassSpaceSize: 1.00 GB
Initial GC threshold: 21.00 MB
Current GC threshold: 45.56 MB
CDS: on
MetaspaceReclaimPolicy: balanced
 - commit_granule_bytes: 65536.
 - commit_granule_words: 8192.
 - virtual_space_node_default_size: 8388608.
 - enlarge_chunks_in_place: 1.
 - new_chunks_are_fully_committed: 0.
 - uncommit_free_chunks: 1.
 - use_allocation_guard: 0.
 - handle_deallocations: 1.


Internal statistics:

num_allocs_failed_limit: 6.
num_arena_births: 196.
num_arena_deaths: 0.
num_vsnodes_births: 2.
num_vsnodes_deaths: 0.
num_space_committed: 650.
num_space_uncommitted: 0.
num_chunks_returned_to_freelist: 6.
num_chunks_taken_from_freelist: 1618.
num_chunk_merges: 6.
num_chunk_splits: 1330.
num_chunks_enlarged: 1192.
num_inconsistent_stats: 0.

CodeHeap 'non-profiled nmethods': size=120036Kb used=1844Kb max_used=1844Kb free=118191Kb
 bounds [0x00007f2ec8fd8000, 0x00007f2ec9248000, 0x00007f2ed0511000]
CodeHeap 'profiled nmethods': size=120032Kb used=8984Kb max_used=8984Kb free=111047Kb
 bounds [0x00007f2ec1511000, 0x00007f2ec1de1000, 0x00007f2ec8a49000]
CodeHeap 'non-nmethods': size=5692Kb used=1296Kb max_used=1342Kb free=4396Kb
 bounds [0x00007f2ec8a49000, 0x00007f2ec8cb9000, 0x00007f2ec8fd8000]
 total_blobs=4869 nmethods=4260 adapters=522
 compilation: enabled
              stopped_count=0, restarted_count=0
 full_count=0

Compilation events (20 events):
Event: 14.302 Thread 0x00007f2ed80a3240 nmethod 4457 0x00007f2ec1db7510 code [0x00007f2ec1db7f80, 0x00007f2ec1dbec30]
Event: 14.306 Thread 0x00007f2ed80a3240 4470       3       java.text.StringCharacterIterator::current (37 bytes)
Event: 14.319 Thread 0x00007f2ed80a3240 nmethod 4470 0x00007f2ec1dc1190 code [0x00007f2ec1dc13a0, 0x00007f2ec1dc19b0]
Event: 14.322 Thread 0x00007f2ed80a3240 4471       3       org.jetbrains.kotlin.load.java.structure.impl.classFiles.ClassifierResolutionContext::copyForMember$resolution_common_jvm (20 bytes)
Event: 14.394 Thread 0x00007f2ed80a3240 nmethod 4471 0x00007f2ec1dc1c10 code [0x00007f2ec1dc1dc0, 0x00007f2ec1dc20f0]
Event: 14.410 Thread 0x00007f2ed80a3240 4477       3       org.jetbrains.kotlin.metadata.ProtoBuf$Type$Argument$1::parsePartialFrom (7 bytes)
Event: 14.416 Thread 0x00007f2ed80a3240 nmethod 4477 0x00007f2ec1dc2210 code [0x00007f2ec1dc23c0, 0x00007f2ec1dc2500]
Event: 14.418 Thread 0x00007f2ed80a3240 4478       3       org.jetbrains.kotlin.protobuf.CodedInputStream::readRawByte (33 bytes)
Event: 14.419 Thread 0x00007f2ed80a3240 nmethod 4478 0x00007f2ec1dc2590 code [0x00007f2ec1dc2760, 0x00007f2ec1dc29d0]
Event: 14.419 Thread 0x00007f2ed80a3240 4480   !   3       org.jetbrains.kotlin.metadata.ProtoBuf$Type$Argument::<init> (401 bytes)
Event: 14.516 Thread 0x00007f2ed80a3240 nmethod 4480 0x00007f2ec1dc2b10 code [0x00007f2ec1dc3060, 0x00007f2ec1dc5bc0]
Event: 14.525 Thread 0x00007f2ed80a3240 4482 %     3       org.jetbrains.org.objectweb.asm.ClassReader::getFirstAttributeOffset @ 105 (136 bytes)
Event: 14.597 Thread 0x00007f2ed80a3240 nmethod 4482% 0x00007f2ec1dc6f90 code [0x00007f2ec1dc71c0, 0x00007f2ec1dc7880]
Event: 14.604 Thread 0x00007f2ed80a3240 4479       3       org.jetbrains.kotlin.metadata.ProtoBuf$Type$Argument$1::parsePartialFrom (11 bytes)
Event: 14.614 Thread 0x00007f2ed80a3240 nmethod 4479 0x00007f2ec1dc7b90 code [0x00007f2ec1dc7d40, 0x00007f2ec1dc7f60]
Event: 14.617 Thread 0x00007f2ed80a3240 4492   !   3       org.jetbrains.kotlin.metadata.ProtoBuf$Function::<init> (1410 bytes)
Event: 14.794 Thread 0x00007f2ed80a3240 nmethod 4492 0x00007f2ec1dc8090 code [0x00007f2ec1dc8c00, 0x00007f2ec1dd13d0]
Event: 14.803 Thread 0x00007f2ed80a3240 4508       3       org.jetbrains.kotlin.metadata.ProtoBuf$Function::isInitialized (251 bytes)
Event: 14.900 Thread 0x00007f2ed80a3240 nmethod 4508 0x00007f2ec1dd4790 code [0x00007f2ec1dd4b40, 0x00007f2ec1dd6470]
Event: 14.903 Thread 0x00007f2ed80a3240 4481       3       org.jetbrains.kotlin.metadata.ProtoBuf$Type$Argument::isInitialized (49 bytes)

GC Heap History (20 events):
Event: 1.533 GC heap before
{Heap before GC invocations=5 (full 0):
 garbage-first heap   total 41984K, used 29725K [0x00000000e0000000, 0x0000000100000000)
  region size 1024K, 24 young (24576K), 3 survivors (3072K)
 Metaspace       used 17930K, committed 18112K, reserved 1114112K
  class space    used 2050K, committed 2112K, reserved 1048576K
}
Event: 1.541 GC heap after
{Heap after GC invocations=6 (full 0):
 garbage-first heap   total 41984K, used 15457K [0x00000000e0000000, 0x0000000100000000)
  region size 1024K, 3 young (3072K), 3 survivors (3072K)
 Metaspace       used 17930K, committed 18112K, reserved 1114112K
  class space    used 2050K, committed 2112K, reserved 1048576K
}
Event: 1.744 GC heap before
{Heap before GC invocations=6 (full 0):
 garbage-first heap   total 41984K, used 25697K [0x00000000e0000000, 0x0000000100000000)
  region size 1024K, 13 young (13312K), 3 survivors (3072K)
 Metaspace       used 19356K, committed 19520K, reserved 1114112K
  class space    used 2242K, committed 2304K, reserved 1048576K
}
Event: 1.796 GC heap after
{Heap after GC invocations=7 (full 0):
 garbage-first heap   total 41984K, used 18822K [0x00000000e0000000, 0x0000000100000000)
  region size 1024K, 2 young (2048K), 2 survivors (2048K)
 Metaspace       used 19356K, committed 19520K, reserved 1114112K
  class space    used 2242K, committed 2304K, reserved 1048576K
}
Event: 1.900 GC heap before
{Heap before GC invocations=7 (full 0):
 garbage-first heap   total 41984K, used 27014K [0x00000000e0000000, 0x0000000100000000)
  region size 1024K, 10 young (10240K), 2 survivors (2048K)
 Metaspace       used 19529K, committed 19776K, reserved 1114112K
  class space    used 2244K, committed 2304K, reserved 1048576K
}
Event: 1.907 GC heap after
{Heap after GC invocations=8 (full 0):
 garbage-first heap   total 41984K, used 21428K [0x00000000e0000000, 0x0000000100000000)
  region size 1024K, 2 young (2048K), 2 survivors (2048K)
 Metaspace       used 19529K, committed 19776K, reserved 1114112K
  class space    used 2244K, committed 2304K, reserved 1048576K
}
Event: 2.066 GC heap before
{Heap before GC invocations=8 (full 0):
 garbage-first heap   total 41984K, used 27572K [0x00000000e0000000, 0x0000000100000000)
  region size 1024K, 10 young (10240K), 2 survivors (2048K)
 Metaspace       used 21347K, committed 21504K, reserved 1114112K
  class space    used 2437K, committed 2496K, reserved 1048576K
}
Event: 2.069 GC heap after
{Heap after GC invocations=9 (full 0):
 garbage-first heap   total 77824K, used 22006K [0x00000000e0000000, 0x0000000100000000)
  region size 1024K, 1 young (1024K), 1 survivors (1024K)
 Metaspace       used 21347K, committed 21504K, reserved 1114112K
  class space    used 2437K, committed 2496K, reserved 1048576K
}
Event: 2.816 GC heap before
{Heap before GC invocations=10 (full 0):
 garbage-first heap   total 77824K, used 46582K [0x00000000e0000000, 0x0000000100000000)
  region size 1024K, 26 young (26624K), 1 survivors (1024K)
 Metaspace       used 27572K, committed 27840K, reserved 1114112K
  class space    used 3624K, committed 3712K, reserved 1048576K
}
Event: 2.825 GC heap after
{Heap after GC invocations=11 (full 0):
 garbage-first heap   total 77824K, used 23764K [0x00000000e0000000, 0x0000000100000000)
  region size 1024K, 3 young (3072K), 3 survivors (3072K)
 Metaspace       used 27572K, committed 27840K, reserved 1114112K
  class space    used 3624K, committed 3712K, reserved 1048576K
}
Event: 4.117 GC heap before
{Heap before GC invocations=12 (full 0):
 garbage-first heap   total 77824K, used 52436K [0x00000000e0000000, 0x0000000100000000)
  region size 1024K, 31 young (31744K), 3 survivors (3072K)
 Metaspace       used 33695K, committed 33984K, reserved 1114112K
  class space    used 4220K, committed 4352K, reserved 1048576K
}
Event: 4.131 GC heap after
{Heap after GC invocations=13 (full 0):
 garbage-first heap   total 77824K, used 26901K [0x00000000e0000000, 0x0000000100000000)
  region size 1024K, 4 young (4096K), 4 survivors (4096K)
 Metaspace       used 33695K, committed 33984K, reserved 1114112K
  class space    used 4220K, committed 4352K, reserved 1048576K
}
Event: 5.303 GC heap before
{Heap before GC invocations=13 (full 0):
 garbage-first heap   total 77824K, used 54549K [0x00000000e0000000, 0x0000000100000000)
  region size 1024K, 31 young (31744K), 4 survivors (4096K)
 Metaspace       used 37108K, committed 37376K, reserved 1114112K
  class space    used 4539K, committed 4672K, reserved 1048576K
}
Event: 5.323 GC heap after
{Heap after GC invocations=14 (full 0):
 garbage-first heap   total 77824K, used 32091K [0x00000000e0000000, 0x0000000100000000)
  region size 1024K, 4 young (4096K), 4 survivors (4096K)
 Metaspace       used 37108K, committed 37376K, reserved 1114112K
  class space    used 4539K, committed 4672K, reserved 1048576K
}
Event: 6.223 GC heap before
{Heap before GC invocations=14 (full 0):
 garbage-first heap   total 77824K, used 54619K [0x00000000e0000000, 0x0000000100000000)
  region size 1024K, 26 young (26624K), 4 survivors (4096K)
 Metaspace       used 39208K, committed 39424K, reserved 1114112K
  class space    used 4746K, committed 4864K, reserved 1048576K
}
Event: 6.238 GC heap after
{Heap after GC invocations=15 (full 0):
 garbage-first heap   total 77824K, used 37812K [0x00000000e0000000, 0x0000000100000000)
  region size 1024K, 4 young (4096K), 4 survivors (4096K)
 Metaspace       used 39208K, committed 39424K, reserved 1114112K
  class space    used 4746K, committed 4864K, reserved 1048576K
}
Event: 9.334 GC heap before
{Heap before GC invocations=15 (full 0):
 garbage-first heap   total 77824K, used 56244K [0x00000000e0000000, 0x0000000100000000)
  region size 1024K, 22 young (22528K), 4 survivors (4096K)
 Metaspace       used 40859K, committed 41152K, reserved 1114112K
  class space    used 4894K, committed 5056K, reserved 1048576K
}
Event: 9.415 GC heap after
{Heap after GC invocations=16 (full 0):
 garbage-first heap   total 77824K, used 42388K [0x00000000e0000000, 0x0000000100000000)
  region size 1024K, 3 young (3072K), 3 survivors (3072K)
 Metaspace       used 40859K, committed 41152K, reserved 1114112K
  class space    used 4894K, committed 5056K, reserved 1048576K
}
Event: 14.422 GC heap before
{Heap before GC invocations=16 (full 0):
 garbage-first heap   total 77824K, used 55700K [0x00000000e0000000, 0x0000000100000000)
  region size 1024K, 17 young (17408K), 3 survivors (3072K)
 Metaspace       used 41457K, committed 41728K, reserved 1114112K
  class space    used 4946K, committed 5056K, reserved 1048576K
}
Event: 14.497 GC heap after
{Heap after GC invocations=17 (full 0):
 garbage-first heap   total 77824K, used 47508K [0x00000000e0000000, 0x0000000100000000)
  region size 1024K, 3 young (3072K), 3 survivors (3072K)
 Metaspace       used 41457K, committed 41728K, reserved 1114112K
  class space    used 4946K, committed 5056K, reserved 1048576K
}

Dll operation events (8 events):
Event: 0.003 Loaded shared library /usr/lib/jvm/java-17-openjdk-amd64/lib/libjava.so
Event: 0.026 Loaded shared library /usr/lib/jvm/java-17-openjdk-amd64/lib/libjsvml.so
Event: 0.040 Loaded shared library /usr/lib/jvm/java-17-openjdk-amd64/lib/libnio.so
Event: 0.094 Loaded shared library /usr/lib/jvm/java-17-openjdk-amd64/lib/libzip.so
Event: 0.119 Loaded shared library /usr/lib/jvm/java-17-openjdk-amd64/lib/libjimage.so
Event: 0.197 Loaded shared library /tmp/jansi-2.4.0-4b149cc8254b10c6-libjansi.so
Event: 1.251 Loaded shared library /usr/lib/jvm/java-17-openjdk-amd64/lib/libverify.so
Event: 1.341 Loaded shared library /usr/lib/jvm/java-17-openjdk-amd64/lib/libnet.so

Deoptimization events (20 events):
Event: 12.624 Thread 0x00007f2ed80187a0 Uncommon trap: trap_request=0xffffffc6 fr.pc=0x00007f2ec9192634 relative=0x0000000000000874
Event: 12.624 Thread 0x00007f2ed80187a0 Uncommon trap: reason=bimorphic_or_optimized_type_check action=maybe_recompile pc=0x00007f2ec9192634 method=java.util.AbstractList$Itr.next()Ljava/lang/Object; @ 14 c2
Event: 12.624 Thread 0x00007f2ed80187a0 DEOPT PACKING pc=0x00007f2ec9192634 sp=0x00007f2edcda5e80
Event: 12.624 Thread 0x00007f2ed80187a0 DEOPT UNPACKING pc=0x00007f2ec8aa2b19 sp=0x00007f2edcda5e68 mode 2
Event: 12.624 Thread 0x00007f2ed80187a0 Uncommon trap: trap_request=0xffffffc6 fr.pc=0x00007f2ec9192634 relative=0x0000000000000874
Event: 12.624 Thread 0x00007f2ed80187a0 Uncommon trap: reason=bimorphic_or_optimized_type_check action=maybe_recompile pc=0x00007f2ec9192634 method=java.util.AbstractList$Itr.next()Ljava/lang/Object; @ 14 c2
Event: 12.624 Thread 0x00007f2ed80187a0 DEOPT PACKING pc=0x00007f2ec9192634 sp=0x00007f2edcda6060
Event: 12.624 Thread 0x00007f2ed80187a0 DEOPT UNPACKING pc=0x00007f2ec8aa2b19 sp=0x00007f2edcda6048 mode 2
Event: 12.624 Thread 0x00007f2ed80187a0 Uncommon trap: trap_request=0xffffffc6 fr.pc=0x00007f2ec9192634 relative=0x0000000000000874
Event: 12.624 Thread 0x00007f2ed80187a0 Uncommon trap: reason=bimorphic_or_optimized_type_check action=maybe_recompile pc=0x00007f2ec9192634 method=java.util.AbstractList$Itr.next()Ljava/lang/Object; @ 14 c2
Event: 12.624 Thread 0x00007f2ed80187a0 DEOPT PACKING pc=0x00007f2ec9192634 sp=0x00007f2edcda6060
Event: 12.624 Thread 0x00007f2ed80187a0 DEOPT UNPACKING pc=0x00007f2ec8aa2b19 sp=0x00007f2edcda6048 mode 2
Event: 14.223 Thread 0x00007f2ed80187a0 Uncommon trap: trap_request=0xffffff45 fr.pc=0x00007f2ec9171044 relative=0x00000000000000a4
Event: 14.224 Thread 0x00007f2ed80187a0 Uncommon trap: reason=unstable_if action=reinterpret pc=0x00007f2ec9171044 method=java.text.StringCharacterIterator.current()C @ 19 c2
Event: 14.224 Thread 0x00007f2ed80187a0 DEOPT PACKING pc=0x00007f2ec9171044 sp=0x00007f2edcda4270
Event: 14.225 Thread 0x00007f2ed80187a0 DEOPT UNPACKING pc=0x00007f2ec8aa2b19 sp=0x00007f2edcda4228 mode 2
Event: 14.398 Thread 0x00007f2ed80187a0 Uncommon trap: trap_request=0xffffff45 fr.pc=0x00007f2ec919aab0 relative=0x0000000000000090
Event: 14.401 Thread 0x00007f2ed80187a0 Uncommon trap: reason=unstable_if action=reinterpret pc=0x00007f2ec919aab0 method=org.jetbrains.kotlin.protobuf.CodedInputStream.readRawByte()B @ 8 c2
Event: 14.404 Thread 0x00007f2ed80187a0 DEOPT PACKING pc=0x00007f2ec919aab0 sp=0x00007f2edcda3d10
Event: 14.406 Thread 0x00007f2ed80187a0 DEOPT UNPACKING pc=0x00007f2ec8aa2b19 sp=0x00007f2edcda3cc0 mode 2

Classes loaded (20 events):
Event: 3.835 Loading class jdk/internal/math/FloatingDecimal$ASCIIToBinaryBuffer
Event: 3.835 Loading class jdk/internal/math/FloatingDecimal$ASCIIToBinaryBuffer done
Event: 5.008 Loading class java/util/PriorityQueue
Event: 5.009 Loading class java/util/PriorityQueue done
Event: 5.528 Loading class java/security/AccessControlException
Event: 5.529 Loading class java/security/AccessControlException done
Event: 5.537 Loading class java/lang/annotation/ElementType
Event: 5.537 Loading class java/lang/annotation/ElementType done
Event: 5.537 Loading class java/lang/Deprecated
Event: 5.537 Loading class java/lang/Deprecated done
Event: 5.537 Loading class java/lang/Override
Event: 5.537 Loading class java/lang/Override done
Event: 7.623 Loading class java/text/StringCharacterIterator
Event: 7.623 Loading class java/text/CharacterIterator
Event: 7.623 Loading class java/text/CharacterIterator done
Event: 7.623 Loading class java/text/StringCharacterIterator done
Event: 10.212 Loading class java/util/ArrayList$SubList$1
Event: 10.213 Loading class java/util/ArrayList$SubList$1 done
Event: 13.201 Loading class java/util/AbstractList$ListItr
Event: 13.202 Loading class java/util/AbstractList$ListItr done

Classes unloaded (0 events):
No events

Classes redefined (0 events):
No events

Internal exceptions (20 events):
Event: 0.962 Thread 0x00007f2ed80187a0 Exception <a 'java/lang/NoSuchMethodError'{0x00000000e1b44ee0}: 'void java.lang.invoke.DirectMethodHandle$Holder.invokeSpecial(java.lang.Object, java.lang.Object, java.lang.Object)'> (0x00000000e1b44ee0) 
thrown [./src/hotspot/share/interpreter/linkResolver.cpp, line 758]
Event: 1.073 Thread 0x00007f2ed80187a0 Exception <a 'java/lang/NoSuchMethodError'{0x00000000e16567c0}: 'void java.lang.invoke.DirectMethodHandle$Holder.invokeStatic(java.lang.Object, java.lang.Object, java.lang.Object, java.lang.Object)'> (0x00000000e16567c0) 
thrown [./src/hotspot/share/interpreter/linkResolver.cpp, line 758]
Event: 1.101 Thread 0x00007f2ed80187a0 Exception <a 'java/lang/NoSuchMethodError'{0x00000000e15c00e0}: 'java.lang.Object java.lang.invoke.DirectMethodHandle$Holder.invokeInterface(java.lang.Object, java.lang.Object)'> (0x00000000e15c00e0) 
thrown [./src/hotspot/share/interpreter/linkResolver.cpp, line 758]
Event: 1.133 Thread 0x00007f2ed80187a0 Exception <a 'java/lang/NoSuchMethodError'{0x00000000e123d790}: 'void java.lang.invoke.DirectMethodHandle$Holder.invokeStaticInit(java.lang.Object, java.lang.Object)'> (0x00000000e123d790) 
thrown [./src/hotspot/share/interpreter/linkResolver.cpp, line 758]
Event: 1.167 Thread 0x00007f2ed80187a0 Exception <a 'java/lang/NoSuchMethodError'{0x00000000e263da88}: 'int java.lang.invoke.DirectMethodHandle$Holder.invokeVirtual(java.lang.Object, java.lang.Object, java.lang.Object)'> (0x00000000e263da88) 
thrown [./src/hotspot/share/interpreter/linkResolver.cpp, line 758]
Event: 1.330 Thread 0x00007f2ed80187a0 Exception <a 'java/lang/NoSuchMethodError'{0x00000000e1f87d10}: 'void java.lang.invoke.DirectMethodHandle$Holder.invokeVirtual(java.lang.Object, java.lang.Object)'> (0x00000000e1f87d10) 
thrown [./src/hotspot/share/interpreter/linkResolver.cpp, line 758]
Event: 1.342 Thread 0x00007f2ed80187a0 Exception <a 'java/lang/NoSuchMethodError'{0x00000000e1e062e0}: 'java.lang.Object java.lang.invoke.Invokers$Holder.invoke_MT(java.lang.Object, java.lang.Object, java.lang.Object)'> (0x00000000e1e062e0) 
thrown [./src/hotspot/share/interpreter/linkResolver.cpp, line 758]
Event: 1.620 Thread 0x00007f2ed80187a0 Exception <a 'java/lang/NoSuchMethodError'{0x00000000e21fe468}: 'java.lang.Object java.lang.invoke.DirectMethodHandle$Holder.newInvokeSpecial(java.lang.Object, int, java.lang.Object, java.lang.Object, java.lang.Object, java.lang.Object)'> (0x00000000e21fe468) 
thrown [./src/hotspot/share/interpreter/linkResolver.cpp, line 758]
Event: 1.645 Thread 0x00007f2ed80187a0 Exception <a 'java/lang/NoSuchMethodError'{0x00000000e1f372d8}: 'java.lang.Object java.lang.invoke.DirectMethodHandle$Holder.invokeStatic(java.lang.Object, java.lang.Object, int, java.lang.Object)'> (0x00000000e1f372d8) 
thrown [./src/hotspot/share/interpreter/linkResolver.cpp, line 758]
Event: 1.925 Thread 0x00007f2ed80187a0 Exception <a 'java/lang/NoSuchMethodError'{0x00000000e26d12b0}: 'java.lang.Object java.lang.invoke.DirectMethodHandle$Holder.newInvokeSpecial(java.lang.Object, java.lang.Object, java.lang.Object, java.lang.Object, java.lang.Object, java.lang.Object)'> (0x00000000e26d12b0) 
thrown [./src/hotspot/share/interpreter/linkResolver.cpp, line 758]
Event: 2.546 Thread 0x00007f2ed80187a0 Exception <a 'java/lang/NoSuchMethodError'{0x00000000e39ace60}: 'java.lang.Object java.lang.invoke.DirectMethodHandle$Holder.newInvokeSpecial(java.lang.Object, java.lang.Object, java.lang.Object, java.lang.Object, java.lang.Object, java.lang.Object, java.lang.Object)'> (0x00000000e39ace60) 
thrown [./src/hotspot/share/interpreter/linkResolver.cpp, line 758]
Event: 2.592 Thread 0x00007f2ed80187a0 Exception <a 'java/lang/NoSuchMethodError'{0x00000000e39b1770}: 'java.lang.Object java.lang.invoke.Invokers$Holder.linkToTargetMethod(java.lang.Object, java.lang.Object, java.lang.Object, java.lang.Object, java.lang.Object, java.lang.Object, java.lang.Object)'> (0x00000000e39b1770) 
thrown [./src/hotspot/share/interpreter/linkResolver.cpp, line 758]
Event: 3.132 Thread 0x00007f2ed80187a0 Exception <a 'java/lang/NoSuchMethodError'{0x00000000e40b3df8}: 'java.lang.Object java.lang.invoke.DirectMethodHandle$Holder.invokeVirtual(java.lang.Object, java.lang.Object, java.lang.Object)'> (0x00000000e40b3df8) 
thrown [./src/hotspot/share/interpreter/linkResolver.cpp, line 758]
Event: 3.227 Thread 0x00007f2ed80187a0 Exception <a 'java/lang/NoSuchMethodError'{0x00000000e3e8c380}: 'java.lang.Object java.lang.invoke.DirectMethodHandle$Holder.newInvokeSpecial(java.lang.Object, java.lang.Object, int)'> (0x00000000e3e8c380) 
thrown [./src/hotspot/share/interpreter/linkResolver.cpp, line 758]
Event: 3.820 Thread 0x00007f2ed80187a0 Exception <a 'java/lang/NoSuchMethodError'{0x00000000e322a978}: 'int java.lang.invoke.DirectMethodHandle$Holder.invokeStaticInit(java.lang.Object, int)'> (0x00000000e322a978) 
thrown [./src/hotspot/share/interpreter/linkResolver.cpp, line 758]
Event: 5.818 Thread 0x00007f2ed80187a0 Implicit null exception at 0x00007f2ec9088ad8 to 0x00007f2ec9088b6a
Event: 5.818 Thread 0x00007f2ed80187a0 Implicit null exception at 0x00007f2ec9089baf to 0x00007f2ec9089c29
Event: 5.819 Thread 0x00007f2ed80187a0 Implicit null exception at 0x00007f2ec906af0d to 0x00007f2ec906b460
Event: 6.910 Thread 0x00007f2ed80187a0 Exception <a 'java/lang/NoSuchMethodError'{0x00000000e42846e0}: 'java.lang.Object java.lang.invoke.DirectMethodHandle$Holder.newInvokeSpecial(java.lang.Object, java.lang.Object, java.lang.Object, int, java.lang.Object)'> (0x00000000e42846e0) 
thrown [./src/hotspot/share/interpreter/linkResolver.cpp, line 758]
Event: 6.915 Thread 0x00007f2ed80187a0 Exception <a 'java/lang/NoSuchMethodError'{0x00000000e428c2a0}: 'java.lang.Object java.lang.invoke.Invokers$Holder.linkToTargetMethod(java.lang.Object, java.lang.Object, int, java.lang.Object, java.lang.Object)'> (0x00000000e428c2a0) 
thrown [./src/hotspot/share/interpreter/linkResolver.cpp, line 758]

VM Operations (20 events):
Event: 7.827 Executing VM operation: HandshakeAllThreads done
Event: 7.838 Executing VM operation: HandshakeAllThreads
Event: 7.839 Executing VM operation: HandshakeAllThreads done
Event: 8.893 Executing VM operation: Cleanup
Event: 8.895 Executing VM operation: Cleanup done
Event: 9.334 Executing VM operation: G1CollectForAllocation
Event: 9.417 Executing VM operation: G1CollectForAllocation done
Event: 10.418 Executing VM operation: Cleanup
Event: 10.424 Executing VM operation: Cleanup done
Event: 11.424 Executing VM operation: Cleanup
Event: 11.425 Executing VM operation: Cleanup done
Event: 12.426 Executing VM operation: Cleanup
Event: 12.428 Executing VM operation: Cleanup done
Event: 13.203 Executing VM operation: HandshakeAllThreads
Event: 13.206 Executing VM operation: HandshakeAllThreads done
Event: 14.206 Executing VM operation: Cleanup
Event: 14.207 Executing VM operation: Cleanup done
Event: 14.420 Executing VM operation: G1TryInitiateConcMark
Event: 14.498 Executing VM operation: G1TryInitiateConcMark done
Event: 14.995 Executing VM operation: G1PauseRemark

Memory protections (11 events):
Event: 0.003 Protecting memory [0x00007f2edcca9000,0x00007f2edccad000] with protection modes 0
Event: 0.028 Protecting memory [0x00007f2eb1f00000,0x00007f2eb1f04000] with protection modes 0
Event: 0.028 Protecting memory [0x00007f2eb1dff000,0x00007f2eb1e03000] with protection modes 0
Event: 0.031 Protecting memory [0x00007f2eb1cfe000,0x00007f2eb1d02000] with protection modes 0
Event: 0.031 Protecting memory [0x00007f2eb1bfd000,0x00007f2eb1c01000] with protection modes 0
Event: 0.031 Protecting memory [0x00007f2eb1afc000,0x00007f2eb1b00000] with protection modes 0
Event: 0.031 Protecting memory [0x00007f2eb19fb000,0x00007f2eb19ff000] with protection modes 0
Event: 0.034 Protecting memory [0x00007f2eb18fa000,0x00007f2eb18fe000] with protection modes 0
Event: 0.034 Protecting memory [0x00007f2eb17f9000,0x00007f2eb17fd000] with protection modes 0
Event: 0.038 Protecting memory [0x00007f2eb16f8000,0x00007f2eb16fc000] with protection modes 0
Event: 0.040 Protecting memory [0x00007f2eb14f6000,0x00007f2eb14fa000] with protection modes 0

Nmethod flushes (0 events):
No events

Events (11 events):
Event: 0.026 Thread 0x00007f2ed80187a0 Thread added: 0x00007f2ed80187a0
Event: 0.028 Thread 0x00007f2ed80187a0 Thread added: 0x00007f2ed8095bb0
Event: 0.028 Thread 0x00007f2ed80187a0 Thread added: 0x00007f2ed8096f90
Event: 0.031 Thread 0x00007f2ed80187a0 Thread added: 0x00007f2ed809dba0
Event: 0.031 Thread 0x00007f2ed80187a0 Thread added: 0x00007f2ed809ef50
Event: 0.031 Thread 0x00007f2ed80187a0 Thread added: 0x00007f2ed80a0360
Event: 0.031 Thread 0x00007f2ed80187a0 Thread added: 0x00007f2ed80a1d10
Event: 0.034 Thread 0x00007f2ed80187a0 Thread added: 0x00007f2ed80a3240
Event: 0.034 Thread 0x00007f2ed80187a0 Thread added: 0x00007f2ed80a46b0
Event: 0.038 Thread 0x00007f2ed80187a0 Thread added: 0x00007f2ed80ac800
Event: 0.040 Thread 0x00007f2ed80187a0 Thread added: 0x00007f2ed80af830


Dynamic libraries:
e0000000-e4a00000 rw-p 00000000 00:00 0 
e6100000-ffe00000 ---p 00000000 00:00 0 
ffe00000-ffe75000 rw-p 00c7a000 00:25 13853                              /usr/lib/jvm/java-17-openjdk-amd64/lib/server/classes.jsa
ffe75000-fff00000 rw-p 00000000 00:00 0 
fff00000-fff78000 rw-p 00c02000 00:25 13853                              /usr/lib/jvm/java-17-openjdk-amd64/lib/server/classes.jsa
fff78000-100000000 rw-p 00000000 00:00 0 
5624c78d6000-5624c78d7000 r--p 00000000 00:25 13495                      /usr/lib/jvm/java-17-openjdk-amd64/bin/java
5624c78d7000-5624c78d8000 r-xp 00001000 00:25 13495                      /usr/lib/jvm/java-17-openjdk-amd64/bin/java
5624c78d8000-5624c78d9000 r--p 00002000 00:25 13495                      /usr/lib/jvm/java-17-openjdk-amd64/bin/java
5624c78d9000-5624c78da000 r--p 00002000 00:25 13495                      /usr/lib/jvm/java-17-openjdk-amd64/bin/java
5624c78da000-5624c78db000 rw-p 00003000 00:25 13495                      /usr/lib/jvm/java-17-openjdk-amd64/bin/java
5624c8bc9000-5624c8c10000 rw-p 00000000 00:00 0                          [heap]
7f2e3c000000-7f2e3cbe7000 rw-p 00000000 00:00 0 
7f2e3cbe7000-7f2e40000000 ---p 00000000 00:00 0 
7f2e40000000-7f2e40021000 rw-p 00000000 00:00 0 
7f2e40021000-7f2e44000000 ---p 00000000 00:00 0 
7f2e44000000-7f2e44021000 rw-p 00000000 00:00 0 
7f2e44021000-7f2e48000000 ---p 00000000 00:00 0 
7f2e48000000-7f2e4ab0e000 rw-p 00000000 00:00 0 
7f2e4ab0e000-7f2e4c000000 ---p 00000000 00:00 0 
7f2e4c000000-7f2e4c021000 rw-p 00000000 00:00 0 
7f2e4c021000-7f2e50000000 ---p 00000000 00:00 0 
7f2e50000000-7f2e50021000 rw-p 00000000 00:00 0 
7f2e50021000-7f2e54000000 ---p 00000000 00:00 0 
7f2e54000000-7f2e54021000 rw-p 00000000 00:00 0 
7f2e54021000-7f2e58000000 ---p 00000000 00:00 0 
7f2e58000000-7f2e58021000 rw-p 00000000 00:00 0 
7f2e58021000-7f2e5c000000 ---p 00000000 00:00 0 
7f2e5c000000-7f2e5c40b000 rw-p 00000000 00:00 0 
7f2e5c40b000-7f2e60000000 ---p 00000000 00:00 0 
7f2e60764000-7f2e60d59000 r--s 00000000 fe:00 532333                     /root/.gradle/caches/transforms-4/2b0fab64d9833b7ceb7a0a6fdef5c96e/transformed/ui-release-api.jar
7f2e60d59000-7f2e6267d000 r--s 00000000 fe:00 131111                     /opt/android-sdk/platforms/android-34/android.jar
7f2e6267d000-7f2e63000000 r--s 00000000 fe:00 532253                     /root/.gradle/caches/transforms-4/893ab220e8b6d7b3e4695b6fa7372c2f/transformed/material3-release-api.jar
7f2e63000000-7f2e63455000 rw-p 00001000 00:25 13853                      /usr/lib/jvm/java-17-openjdk-amd64/lib/server/classes.jsa
7f2e63455000-7f2e63bca000 rw-p 00456000 00:25 13853                      /usr/lib/jvm/java-17-openjdk-amd64/lib/server/classes.jsa
7f2e63bca000-7f2e64000000 ---p 00000000 00:00 0 
7f2e64000000-7f2e64040000 rw-p 00000000 00:00 0 
7f2e64040000-7f2e64080000 rw-p 00000000 00:00 0 
7f2e64080000-7f2e644f0000 rw-p 00000000 00:00 0 
7f2e644f0000-7f2ea4000000 ---p 00000000 00:00 0 
7f2ea4000000-7f2ea4021000 rw-p 00000000 00:00 0 
7f2ea4021000-7f2ea8000000 ---p 00000000 00:00 0 
7f2ea8000000-7f2ea82a0000 rw-p 00000000 00:00 0 
7f2ea82a0000-7f2ea8400000 ---p 00000000 00:00 0 
7f2ea8400000-7f2ea9ee0000 rw-p 00000000 00:00 0 
7f2ea9ee0000-7f2eaa530000 rw-p 00000000 00:00 0 
7f2eaa530000-7f2eac000000 ---p 00000000 00:00 0 
7f2eac000000-7f2eac021000 rw-p 00000000 00:00 0 
7f2eac021000-7f2eb0000000 ---p 00000000 00:00 0 
7f2eb014c000-7f2eb02b7000 r--s 00000000 fe:00 535375                     /root/.gradle/caches/transforms-4/34996c003ecd0d9fca3f37538d8be099/transformed/work-runtime-2.9.1-api.jar
7f2eb02b7000-7f2eb055a000 r--s 00000000 fe:00 532338                     /root/.gradle/caches/transforms-4/b0da496014ebb9204b833e8a1bfd98e8/transformed/core-1.13.1-api.jar
7f2eb055a000-7f2eb0885000 r--s 00000000 fe:00 532398                     /root/.gradle/caches/transforms-4/2194e5d552e711dd020455d50866effd/transformed/runtime-release-api.jar
7f2eb0885000-7f2eb0946000 r--s 00000000 fe:00 532456                     /root/.gradle/caches/modules-2/files-2.1/androidx.collection/collection-jvm/1.4.4/da13a7e557c430276b8cb490420effebc1398c0d/collection-jvm-1.4.4.jar
7f2eb0946000-7f2eb0989000 r--s 00000000 fe:00 532431                     /root/.gradle/caches/modules-2/files-2.1/org.jetbrains.kotlinx/kotlinx-serialization-json-jvm/1.7.3/6701e8c68d9e82387ce72ee96e8ddf058208d58f/kotlinx-serialization-json-jvm-1.7.3.jar
7f2eb0989000-7f2eb09e9000 r--s 00000000 fe:00 531227                     /root/.gradle/caches/modules-2/files-2.1/org.jetbrains.kotlinx/kotlinx-serialization-core-jvm/1.7.3/1f226780b845ff9206474c05159245d861556249/kotlinx-serialization-core-jvm-1.7.3.jar
7f2eb09e9000-7f2eb0aaa000 r--s 00000000 fe:00 532411                     /root/.gradle/caches/modules-2/files-2.1/com.squareup.okhttp3/okhttp/4.12.0/2f4525d4a200e97e1b87449c2cd9bd2e25b7e8cd/okhttp-4.12.0.jar
7f2eb0b83000-7f2eb0bec000 r--s 00000000 fe:00 532388                     /root/.gradle/caches/transforms-4/82a298b49355bd5900f1c1d2cd0aa5d7/transformed/core-ktx-1.13.1-api.jar
7f2eb0bec000-7f2eb0c01000 r--s 00000000 fe:00 532383                     /root/.gradle/caches/transforms-4/0d8f331a321b411c3945340581ea2042/transformed/lifecycle-viewmodel-savedstate-2.8.6-api.jar
7f2eb0c01000-7f2eb0c22000 r--s 00000000 fe:00 532363                     /root/.gradle/caches/transforms-4/1bcc564a49cd9ef16bb87025f94a2b8b/transformed/lifecycle-viewmodel-release-api.jar
7f2eb0c22000-7f2eb0c43000 r--s 00000000 fe:00 535381                     /root/.gradle/caches/transforms-4/e6e369494dbd97d6ed4923df6cba6165/transformed/lifecycle-livedata-2.8.6-api.jar
7f2eb0c43000-7f2eb0cb8000 r--s 00000000 fe:00 532247                     /root/.gradle/caches/transforms-4/ff7ec67fe00fa3bc78a5b722db1f824f/transformed/activity-1.9.2-api.jar
7f2eb0cb8000-7f2eb0e53000 r--s 00000000 fe:00 532278                     /root/.gradle/caches/transforms-4/99963df6e1f990bccab0318fdad1ae7d/transformed/foundation-layout-release-api.jar
7f2eb0e53000-7f2eb0ffe000 r--s 00000000 fe:00 532468                     /root/.gradle/caches/modules-2/files-2.1/org.jetbrains.kotlin/kotlin-stdlib/2.0.20/7388d355f7cceb002cd387ccb7ab3850e4e0a07f/kotlin-stdlib-2.0.20.jar
7f2eb0ffe000-7f2eb0fff000 ---p 00000000 00:00 0 
7f2eb0fff000-7f2eb10ff000 rw-p 00000000 00:00 0 
7f2eb10ff000-7f2eb1100000 ---p 00000000 00:00 0 
7f2eb1100000-7f2eb1200000 rw-p 00000000 00:00 0 
7f2eb1200000-7f2eb1203000 r-xp 00000000 fe:00 397797                     /tmp/jansi-2.4.0-4b149cc8254b10c6-libjansi.so
7f2eb1203000-7f2eb1402000 ---p 00003000 fe:00 397797                     /tmp/jansi-2.4.0-4b149cc8254b10c6-libjansi.so
7f2eb1402000-7f2eb1403000 rw-p 00002000 fe:00 397797                     /tmp/jansi-2.4.0-4b149cc8254b10c6-libjansi.so
7f2eb1403000-7f2eb1422000 r--s 00000000 fe:00 532358                     /root/.gradle/caches/transforms-4/1bd702d589fd2eaa23a342572d89ae17/transformed/lifecycle-runtime-release-api.jar
7f2eb1422000-7f2eb1430000 r--s 00000000 fe:00 532346                     /root/.gradle/caches/modules-2/files-2.1/androidx.lifecycle/lifecycle-common-jvm/2.8.6/7174a594afb73a9ad9ac9074ce78b94af3cc52a7/lifecycle-common-jvm-2.8.6.jar
7f2eb1430000-7f2eb1436000 r--s 00000000 fe:00 532343                     /root/.gradle/caches/transforms-4/b75f48259307c9e56fda88ee2bed0062/transformed/lifecycle-livedata-core-2.8.6-api.jar
7f2eb1436000-7f2eb1444000 r--s 00000000 fe:00 532461                     /root/.gradle/caches/modules-2/files-2.1/androidx.annotation/annotation-jvm/1.8.1/b8a16fe526014b7941c1debaccaf9c5153692dbb/annotation-jvm-1.8.1.jar
7f2eb1444000-7f2eb149c000 r--s 00000000 fe:00 532416                     /root/.gradle/caches/modules-2/files-2.1/com.squareup.okio/okio-jvm/3.6.0/5600569133b7bdefe1daf9ec7f4abeb6d13e1786/okio-jvm-3.6.0.jar
7f2eb149c000-7f2eb14a0000 r--p 00000000 00:25 13842                      /usr/lib/jvm/java-17-openjdk-amd64/lib/libverify.so
7f2eb14a0000-7f2eb14a7000 r-xp 00004000 00:25 13842                      /usr/lib/jvm/java-17-openjdk-amd64/lib/libverify.so
7f2eb14a7000-7f2eb14a9000 r--p 0000b000 00:25 13842                      /usr/lib/jvm/java-17-openjdk-amd64/lib/libverify.so
7f2eb14a9000-7f2eb14ab000 r--p 0000c000 00:25 13842                      /usr/lib/jvm/java-17-openjdk-amd64/lib/libverify.so
7f2eb14ab000-7f2eb14ac000 rw-p 0000e000 00:25 13842                      /usr/lib/jvm/java-17-openjdk-amd64/lib/libverify.so
7f2eb14ac000-7f2eb14dd000 rw-p 00000000 00:00 0 
7f2eb14dd000-7f2eb14e1000 r--p 00000000 00:25 13834                      /usr/lib/jvm/java-17-openjdk-amd64/lib/libnet.so
7f2eb14e1000-7f2eb14ef000 r-xp 00004000 00:25 13834                      /usr/lib/jvm/java-17-openjdk-amd64/lib/libnet.so
7f2eb14ef000-7f2eb14f3000 r--p 00012000 00:25 13834                      /usr/lib/jvm/java-17-openjdk-amd64/lib/libnet.so
7f2eb14f3000-7f2eb14f4000 r--p 00015000 00:25 13834                      /usr/lib/jvm/java-17-openjdk-amd64/lib/libnet.so
7f2eb14f4000-7f2eb14f5000 rw-p 00016000 00:25 13834                      /usr/lib/jvm/java-17-openjdk-amd64/lib/libnet.so
7f2eb14f5000-7f2eb14f6000 ---p 00000000 00:00 0 
7f2eb14f6000-7f2eb14fa000 ---p 00000000 00:00 0 
7f2eb14fa000-7f2eb15f6000 rw-p 00000000 00:00 0 
7f2eb15f6000-7f2eb15f7000 ---p 00000000 00:00 0 
7f2eb15f7000-7f2eb16f7000 rw-p 00000000 00:00 0 
7f2eb16f7000-7f2eb16f8000 ---p 00000000 00:00 0 
7f2eb16f8000-7f2eb16fc000 ---p 00000000 00:00 0 
7f2eb16fc000-7f2eb17f8000 rw-p 00000000 00:00 0 
7f2eb17f8000-7f2eb17f9000 ---p 00000000 00:00 0 
7f2eb17f9000-7f2eb17fd000 ---p 00000000 00:00 0 
7f2eb17fd000-7f2eb18f9000 rw-p 00000000 00:00 0 
7f2eb18f9000-7f2eb18fa000 ---p 00000000 00:00 0 
7f2eb18fa000-7f2eb18fe000 ---p 00000000 00:00 0 
7f2eb18fe000-7f2eb19fa000 rw-p 00000000 00:00 0 
7f2eb19fa000-7f2eb19fb000 ---p 00000000 00:00 0 
7f2eb19fb000-7f2eb19ff000 ---p 00000000 00:00 0 
7f2eb19ff000-7f2eb1afb000 rw-p 00000000 00:00 0 
7f2eb1afb000-7f2eb1afc000 ---p 00000000 00:00 0 
7f2eb1afc000-7f2eb1b00000 ---p 00000000 00:00 0 
7f2eb1b00000-7f2eb1bfc000 rw-p 00000000 00:00 0 
7f2eb1bfc000-7f2eb1bfd000 ---p 00000000 00:00 0 
7f2eb1bfd000-7f2eb1c01000 ---p 00000000 00:00 0 
7f2eb1c01000-7f2eb1cfd000 rw-p 00000000 00:00 0 
7f2eb1cfd000-7f2eb1cfe000 ---p 00000000 00:00 0 
7f2eb1cfe000-7f2eb1d02000 ---p 00000000 00:00 0 
7f2eb1d02000-7f2eb1dfe000 rw-p 00000000 00:00 0 
7f2eb1dfe000-7f2eb1dff000 ---p 00000000 00:00 0 
7f2eb1dff000-7f2eb1e03000 ---p 00000000 00:00 0 
7f2eb1e03000-7f2eb1eff000 rw-p 00000000 00:00 0 
7f2eb1eff000-7f2eb1f00000 ---p 00000000 00:00 0 
7f2eb1f00000-7f2eb1f04000 ---p 00000000 00:00 0 
7f2eb1f04000-7f2eb4000000 rw-p 00000000 00:00 0 
7f2eb4000000-7f2eb4021000 rw-p 00000000 00:00 0 
7f2eb4021000-7f2eb8000000 ---p 00000000 00:00 0 
7f2eb8000000-7f2eb8021000 rw-p 00000000 00:00 0 
7f2eb8021000-7f2ebc000000 ---p 00000000 00:00 0 
7f2ebc000000-7f2ebc047000 rw-p 00000000 00:00 0 
7f2ebc047000-7f2ec0000000 ---p 00000000 00:00 0 
7f2ec0000000-7f2ec000a000 r--s 00000000 fe:00 532448                     /root/.gradle/caches/transforms-4/d86368f3c8cefa72e5ceaeb2dec11dd4/transformed/savedstate-1.2.1-api.jar
7f2ec000a000-7f2ec0061000 r--p 00000000 00:25 13893                      /usr/lib/locale/C.utf8/LC_CTYPE
7f2ec0061000-7f2ec0062000 ---p 00000000 00:00 0 
7f2ec0062000-7f2ec0162000 rw-p 00000000 00:00 0 
7f2ec0162000-7f2ec0167000 r--p 00000000 00:25 13828                      /usr/lib/jvm/java-17-openjdk-amd64/lib/libjsvml.so
7f2ec0167000-7f2ec01a8000 r-xp 00005000 00:25 13828                      /usr/lib/jvm/java-17-openjdk-amd64/lib/libjsvml.so
7f2ec01a8000-7f2ec0231000 r--p 00046000 00:25 13828                      /usr/lib/jvm/java-17-openjdk-amd64/lib/libjsvml.so
7f2ec0231000-7f2ec0232000 r--p 000ce000 00:25 13828                      /usr/lib/jvm/java-17-openjdk-amd64/lib/libjsvml.so
7f2ec0232000-7f2ec0233000 rw-p 000cf000 00:25 13828                      /usr/lib/jvm/java-17-openjdk-amd64/lib/libjsvml.so
7f2ec0233000-7f2ec030f000 rw-p 00000000 00:00 0 
7f2ec030f000-7f2ec0310000 ---p 00000000 00:00 0 
7f2ec0310000-7f2ec0410000 rw-p 00000000 00:00 0 
7f2ec0410000-7f2ec0411000 ---p 00000000 00:00 0 
7f2ec0411000-7f2ec0639000 rw-p 00000000 00:00 0 
7f2ec0639000-7f2ec0d09000 ---p 00000000 00:00 0 
7f2ec0d09000-7f2ec0e39000 rw-p 00000000 00:00 0 
7f2ec0e39000-7f2ec1509000 ---p 00000000 00:00 0 
7f2ec1509000-7f2ec1511000 rw-p 00000000 00:00 0 
7f2ec1511000-7f2ec1de1000 rwxp 00000000 00:00 0 
7f2ec1de1000-7f2ec8a49000 ---p 00000000 00:00 0 
7f2ec8a49000-7f2ec8cb9000 rwxp 00000000 00:00 0 
7f2ec8cb9000-7f2ec8fd8000 ---p 00000000 00:00 0 
7f2ec8fd8000-7f2ec9248000 rwxp 00000000 00:00 0 
7f2ec9248000-7f2ed0511000 ---p 00000000 00:00 0 
7f2ed0511000-7f2ed8000000 r--s 00000000 00:25 13844                      /usr/lib/jvm/java-17-openjdk-amd64/lib/modules
7f2ed8000000-7f2ed93d2000 rw-p 00000000 00:00 0 
7f2ed93d2000-7f2edc000000 ---p 00000000 00:00 0 
7f2edc000000-7f2edc041000 rw-p 00000000 00:00 0 
7f2edc041000-7f2edc044000 r--s 00000000 fe:00 137270                     /root/.gradle/caches/transforms-4/d10199298aa11a9813989aff19f4c331/transformed/annotation-experimental-1.4.1-api.jar
7f2edc044000-7f2edc045000 r--s 00000000 fe:00 532443                     /root/.gradle/caches/transforms-4/54f4cf0532c4107c2dc01213879526ca/transformed/savedstate-ktx-1.2.1-api.jar
7f2edc04a000-7f2edc04c000 r--p 00000000 00:25 13843                      /usr/lib/jvm/java-17-openjdk-amd64/lib/libzip.so
7f2edc04c000-7f2edc050000 r-xp 00002000 00:25 13843                      /usr/lib/jvm/java-17-openjdk-amd64/lib/libzip.so
7f2edc050000-7f2edc052000 r--p 00006000 00:25 13843                      /usr/lib/jvm/java-17-openjdk-amd64/lib/libzip.so
7f2edc052000-7f2edc053000 r--p 00007000 00:25 13843                      /usr/lib/jvm/java-17-openjdk-amd64/lib/libzip.so
7f2edc053000-7f2edc054000 rw-p 00008000 00:25 13843                      /usr/lib/jvm/java-17-openjdk-amd64/lib/libzip.so
7f2edc054000-7f2edc05b000 r--p 00000000 00:25 13835                      /usr/lib/jvm/java-17-openjdk-amd64/lib/libnio.so
7f2edc05b000-7f2edc064000 r-xp 00007000 00:25 13835                      /usr/lib/jvm/java-17-openjdk-amd64/lib/libnio.so
7f2edc064000-7f2edc068000 r--p 00010000 00:25 13835                      /usr/lib/jvm/java-17-openjdk-amd64/lib/libnio.so
7f2edc068000-7f2edc069000 r--p 00014000 00:25 13835                      /usr/lib/jvm/java-17-openjdk-amd64/lib/libnio.so
7f2edc069000-7f2edc06a000 rw-p 00015000 00:25 13835                      /usr/lib/jvm/java-17-openjdk-amd64/lib/libnio.so
7f2edc06a000-7f2edc06b000 r--p 00000000 00:25 13899                      /usr/lib/locale/C.utf8/LC_NUMERIC
7f2edc06b000-7f2edc06c000 r--p 00000000 00:25 13902                      /usr/lib/locale/C.utf8/LC_TIME
7f2edc06c000-7f2edc06d000 r--p 00000000 00:25 13892                      /usr/lib/locale/C.utf8/LC_COLLATE
7f2edc06d000-7f2edc06e000 r--p 00000000 00:25 13897                      /usr/lib/locale/C.utf8/LC_MONETARY
7f2edc06e000-7f2edc06f000 r--p 00000000 00:25 13896                      /usr/lib/locale/C.utf8/LC_MESSAGES/SYS_LC_MESSAGES
7f2edc06f000-7f2edc070000 r--p 00000000 00:25 13900                      /usr/lib/locale/C.utf8/LC_PAPER
7f2edc070000-7f2edc071000 r--p 00000000 00:25 13898                      /usr/lib/locale/C.utf8/LC_NAME
7f2edc071000-7f2edc078000 r--s 00000000 00:25 17585                      /usr/lib/x86_64-linux-gnu/gconv/gconv-modules.cache
7f2edc078000-7f2edc27a000 rw-p 00000000 00:00 0 
7f2edc27a000-7f2edc27b000 ---p 00000000 00:00 0 
7f2edc27b000-7f2edc37b000 rw-p 00000000 00:00 0 
7f2edc37b000-7f2edc37c000 ---p 00000000 00:00 0 
7f2edc37c000-7f2edc47c000 rw-p 00000000 00:00 0 
7f2edc47c000-7f2edc47d000 ---p 00000000 00:00 0 
7f2edc47d000-7f2edc5b4000 rw-p 00000000 00:00 0 
7f2edc5b4000-7f2edc68e000 ---p 00000000 00:00 0 
7f2edc68e000-7f2edc6b4000 rw-p 00000000 00:00 0 
7f2edc6b4000-7f2edc78e000 ---p 00000000 00:00 0 
7f2edc78e000-7f2edc7b4000 rw-p 00000000 00:00 0 
7f2edc7b4000-7f2edc88e000 ---p 00000000 00:00 0 
7f2edc88e000-7f2edca96000 rw-p 00000000 00:00 0 
7f2edca96000-7f2edcb7c000 ---p 00000000 00:00 0 
7f2edcb7c000-7f2edcb8e000 rw-p 00000000 00:00 0 
7f2edcb8e000-7f2edcc67000 ---p 00000000 00:00 0 
7f2edcc67000-7f2edcc6c000 rw-p 00000000 00:00 0 
7f2edcc6c000-7f2edcc73000 ---p 00000000 00:00 0 
7f2edcc73000-7f2edcc7f000 r--p 00000000 00:25 13820                      /usr/lib/jvm/java-17-openjdk-amd64/lib/libjava.so
7f2edcc7f000-7f2edcc90000 r-xp 0000c000 00:25 13820                      /usr/lib/jvm/java-17-openjdk-amd64/lib/libjava.so
7f2edcc90000-7f2edcc96000 r--p 0001d000 00:25 13820                      /usr/lib/jvm/java-17-openjdk-amd64/lib/libjava.so
7f2edcc96000-7f2edcc97000 r--p 00022000 00:25 13820                      /usr/lib/jvm/java-17-openjdk-amd64/lib/libjava.so
7f2edcc97000-7f2edcc98000 rw-p 00023000 00:25 13820                      /usr/lib/jvm/java-17-openjdk-amd64/lib/libjava.so
7f2edcc98000-7f2edcc99000 rw-p 00000000 00:00 0 
7f2edcc99000-7f2edcca1000 rw-s 00000000 fe:00 397746                     /tmp/hsperfdata_root/12701
7f2edcca1000-7f2edcca3000 r--p 00000000 00:25 13824                      /usr/lib/jvm/java-17-openjdk-amd64/lib/libjimage.so
7f2edcca3000-7f2edcca6000 r-xp 00002000 00:25 13824                      /usr/lib/jvm/java-17-openjdk-amd64/lib/libjimage.so
7f2edcca6000-7f2edcca7000 r--p 00005000 00:25 13824                      /usr/lib/jvm/java-17-openjdk-amd64/lib/libjimage.so
7f2edcca7000-7f2edcca8000 r--p 00006000 00:25 13824                      /usr/lib/jvm/java-17-openjdk-amd64/lib/libjimage.so
7f2edcca8000-7f2edcca9000 rw-p 00007000 00:25 13824                      /usr/lib/jvm/java-17-openjdk-amd64/lib/libjimage.so
7f2edcca9000-7f2edccad000 ---p 00000000 00:00 0 
7f2edccad000-7f2edcda9000 rw-p 00000000 00:00 0 
7f2edcda9000-7f2edcdac000 r--p 00000000 00:25 17971                      /usr/lib/x86_64-linux-gnu/libgcc_s.so.1
7f2edcdac000-7f2edcdc3000 r-xp 00003000 00:25 17971                      /usr/lib/x86_64-linux-gnu/libgcc_s.so.1
7f2edcdc3000-7f2edcdc7000 r--p 0001a000 00:25 17971                      /usr/lib/x86_64-linux-gnu/libgcc_s.so.1
7f2edcdc7000-7f2edcdc8000 r--p 0001d000 00:25 17971                      /usr/lib/x86_64-linux-gnu/libgcc_s.so.1
7f2edcdc8000-7f2edcdc9000 rw-p 0001e000 00:25 17971                      /usr/lib/x86_64-linux-gnu/libgcc_s.so.1
7f2edcdc9000-7f2edcdd9000 r--p 00000000 00:25 18072                      /usr/lib/x86_64-linux-gnu/libm.so.6
7f2edcdd9000-7f2edce4d000 r-xp 00010000 00:25 18072                      /usr/lib/x86_64-linux-gnu/libm.so.6
7f2edce4d000-7f2edcea7000 r--p 00084000 00:25 18072                      /usr/lib/x86_64-linux-gnu/libm.so.6
7f2edcea7000-7f2edcea8000 r--p 000dd000 00:25 18072                      /usr/lib/x86_64-linux-gnu/libm.so.6
7f2edcea8000-7f2edcea9000 rw-p 000de000 00:25 18072                      /usr/lib/x86_64-linux-gnu/libm.so.6
7f2edcea9000-7f2edcf42000 r--p 00000000 00:25 18239                      /usr/lib/x86_64-linux-gnu/libstdc++.so.6.0.30
7f2edcf42000-7f2edd043000 r-xp 00099000 00:25 18239                      /usr/lib/x86_64-linux-gnu/libstdc++.so.6.0.30
7f2edd043000-7f2edd0b2000 r--p 0019a000 00:25 18239                      /usr/lib/x86_64-linux-gnu/libstdc++.so.6.0.30
7f2edd0b2000-7f2edd0bd000 r--p 00209000 00:25 18239                      /usr/lib/x86_64-linux-gnu/libstdc++.so.6.0.30
7f2edd0bd000-7f2edd0c0000 rw-p 00214000 00:25 18239                      /usr/lib/x86_64-linux-gnu/libstdc++.so.6.0.30
7f2edd0c0000-7f2edd0c3000 rw-p 00000000 00:00 0 
7f2edd0c3000-7f2edd314000 r--p 00000000 00:25 13856                      /usr/lib/jvm/java-17-openjdk-amd64/lib/server/libjvm.so
7f2edd314000-7f2ede066000 r-xp 00251000 00:25 13856                      /usr/lib/jvm/java-17-openjdk-amd64/lib/server/libjvm.so
7f2ede066000-7f2ede2e8000 r--p 00fa3000 00:25 13856                      /usr/lib/jvm/java-17-openjdk-amd64/lib/server/libjvm.so
7f2ede2e8000-7f2ede3a0000 r--p 01225000 00:25 13856                      /usr/lib/jvm/java-17-openjdk-amd64/lib/server/libjvm.so
7f2ede3a0000-7f2ede3d5000 rw-p 012dd000 00:25 13856                      /usr/lib/jvm/java-17-openjdk-amd64/lib/server/libjvm.so
7f2ede3d5000-7f2ede431000 rw-p 00000000 00:00 0 
7f2ede431000-7f2ede457000 r--p 00000000 00:25 17860                      /usr/lib/x86_64-linux-gnu/libc.so.6
7f2ede457000-7f2ede5ad000 r-xp 00026000 00:25 17860                      /usr/lib/x86_64-linux-gnu/libc.so.6
7f2ede5ad000-7f2ede600000 r--p 0017c000 00:25 17860                      /usr/lib/x86_64-linux-gnu/libc.so.6
7f2ede600000-7f2ede604000 r--p 001cf000 00:25 17860                      /usr/lib/x86_64-linux-gnu/libc.so.6
7f2ede604000-7f2ede606000 rw-p 001d3000 00:25 17860                      /usr/lib/x86_64-linux-gnu/libc.so.6
7f2ede606000-7f2ede613000 rw-p 00000000 00:00 0 
7f2ede613000-7f2ede615000 r--p 00000000 00:25 13825                      /usr/lib/jvm/java-17-openjdk-amd64/lib/libjli.so
7f2ede615000-7f2ede61e000 r-xp 00002000 00:25 13825                      /usr/lib/jvm/java-17-openjdk-amd64/lib/libjli.so
7f2ede61e000-7f2ede621000 r--p 0000b000 00:25 13825                      /usr/lib/jvm/java-17-openjdk-amd64/lib/libjli.so
7f2ede621000-7f2ede622000 r--p 0000d000 00:25 13825                      /usr/lib/jvm/java-17-openjdk-amd64/lib/libjli.so
7f2ede622000-7f2ede623000 rw-p 0000e000 00:25 13825                      /usr/lib/jvm/java-17-openjdk-amd64/lib/libjli.so
7f2ede623000-7f2ede626000 r--p 00000000 00:25 1006                       /usr/lib/x86_64-linux-gnu/libz.so.1.2.13
7f2ede626000-7f2ede639000 r-xp 00003000 00:25 1006                       /usr/lib/x86_64-linux-gnu/libz.so.1.2.13
7f2ede639000-7f2ede640000 r--p 00016000 00:25 1006                       /usr/lib/x86_64-linux-gnu/libz.so.1.2.13
7f2ede640000-7f2ede641000 r--p 0001c000 00:25 1006                       /usr/lib/x86_64-linux-gnu/libz.so.1.2.13
7f2ede641000-7f2ede642000 rw-p 0001d000 00:25 1006                       /usr/lib/x86_64-linux-gnu/libz.so.1.2.13
7f2ede642000-7f2ede643000 r--p 00000000 00:25 13891                      /usr/lib/locale/C.utf8/LC_ADDRESS
7f2ede643000-7f2ede644000 r--p 00000000 00:25 13901                      /usr/lib/locale/C.utf8/LC_TELEPHONE
7f2ede644000-7f2ede645000 r--p 00000000 00:25 13895                      /usr/lib/locale/C.utf8/LC_MEASUREMENT
7f2ede645000-7f2ede646000 r--p 00000000 00:25 13894                      /usr/lib/locale/C.utf8/LC_IDENTIFICATION
7f2ede646000-7f2ede647000 ---p 00000000 00:00 0 
7f2ede647000-7f2ede648000 r--p 00000000 00:00 0 
7f2ede648000-7f2ede649000 ---p 00000000 00:00 0 
7f2ede649000-7f2ede64b000 rw-p 00000000 00:00 0 
7f2ede64b000-7f2ede64c000 r--p 00000000 00:25 17646                      /usr/lib/x86_64-linux-gnu/ld-linux-x86-64.so.2
7f2ede64c000-7f2ede672000 r-xp 00001000 00:25 17646                      /usr/lib/x86_64-linux-gnu/ld-linux-x86-64.so.2
7f2ede672000-7f2ede67c000 r--p 00027000 00:25 17646                      /usr/lib/x86_64-linux-gnu/ld-linux-x86-64.so.2
7f2ede67c000-7f2ede67e000 r--p 00031000 00:25 17646                      /usr/lib/x86_64-linux-gnu/ld-linux-x86-64.so.2
7f2ede67e000-7f2ede680000 rw-p 00033000 00:25 17646                      /usr/lib/x86_64-linux-gnu/ld-linux-x86-64.so.2
7ffc38acd000-7ffc38aee000 rw-p 00000000 00:00 0                          [stack]
7ffc38b0b000-7ffc38b0e000 r--p 00000000 00:00 0                          [vvar]
7ffc38b0e000-7ffc38b10000 r-xp 00000000 00:00 0                          [vdso]
ffffffffff600000-ffffffffff601000 r-xp 00000000 00:00 0                  [vsyscall]


VM Arguments:
java_command: org.jetbrains.kotlin.cli.jvm.K2JVMCompiler @/workspace/app/build/20261001_17219646498230166063.compiler.options
java_class_path (initial): /root/.gradle/caches/modules-2/files-2.1/org.jetbrains.kotlin/kotlin-compiler-embeddable/2.0.20/244b603e8c729f98baaf9088d90b5b9350c68af8/kotlin-compiler-embeddable-2.0.20.jar:/root/.gradle/caches/modules-2/files-2.1/org.jetbrains.kotlin/kotlin-stdlib/2.0.20/7388d355f7cceb002cd387ccb7ab3850e4e0a07f/kotlin-stdlib-2.0.20.jar:/root/.gradle/caches/modules-2/files-2.1/org.jetbrains.kotlin/kotlin-script-runtime/2.0.20/4aea042b39014e0a924c2e1d4a21b6fff7e4d35/kotlin-script-runtime-2.0.20.jar:/root/.gradle/caches/modules-2/files-2.1/org.jetbrains.kotlin/kotlin-reflect/1.6.10/1cbe9c92c12a94eea200d23c2bbaedaf3daf5132/kotlin-reflect-1.6.10.jar:/root/.gradle/caches/modules-2/files-2.1/org.jetbrains.kotlin/kotlin-daemon-embeddable/2.0.20/9eb02dce62f058efe6a121cf00cf5da9779e2746/kotlin-daemon-embeddable-2.0.20.jar:/root/.gradle/caches/modules-2/files-2.1/org.jetbrains.intellij.deps/trove4j/1.0.20200330/3afb14d5f9ceb459d724e907a21145e8ff394f02/trove4j-1.0.20200330.jar:/root/.gradle/caches/modules-2/files-2.1/org.jetbrains.kotlinx/kotlinx-coroutines-core-jvm/1.6.4/2c997cd1c0ef33f3e751d3831929aeff1390cb30/kotlinx-coroutines-core-jvm-1.6.4.jar:/root/.gradle/caches/modules-2/files-2.1/org.jetbrains/annotations/13.0/919f0dfe192fb4e063e7dacadee7f8bb9a2672a9/annotations-13.0.jar
Launcher Type: SUN_STANDARD

[Global flags]
     intx CICompilerCount                          = 2                                         {product} {ergonomic}
     uint ConcGCThreads                            = 1                                         {product} {ergonomic}
     uint G1ConcRefinementThreads                  = 2                                         {product} {ergonomic}
   size_t G1HeapRegionSize                         = 1048576                                   {product} {ergonomic}
    uintx GCDrainStackTargetSize                   = 64                                        {product} {ergonomic}
   size_t InitialHeapSize                          = 33554432                                  {product} {ergonomic}
   size_t MarkStackSize                            = 4194304                                   {product} {ergonomic}
   size_t MaxHeapSize                              = 536870912                                 {product} {ergonomic}
   size_t MaxNewSize                               = 321912832                                 {product} {ergonomic}
   size_t MinHeapDeltaBytes                        = 1048576                                   {product} {ergonomic}
   size_t MinHeapSize                              = 8388608                                   {product} {ergonomic}
    uintx NonNMethodCodeHeapSize                   = 5826188                                {pd product} {ergonomic}
    uintx NonProfiledCodeHeapSize                  = 122916026                              {pd product} {ergonomic}
    uintx ProfiledCodeHeapSize                     = 122916026                              {pd product} {ergonomic}
    uintx ReservedCodeCacheSize                    = 251658240                              {pd product} {ergonomic}
     bool SegmentedCodeCache                       = true                                      {product} {ergonomic}
   size_t SoftMaxHeapSize                          = 536870912                              {manageable} {ergonomic}
     bool UseCompressedClassPointers               = true                           {product lp64_product} {ergonomic}
     bool UseCompressedOops                        = true                           {product lp64_product} {ergonomic}
     bool UseG1GC                                  = true                                      {product} {ergonomic}

Logging:
Log output configuration:
 #0: stdout all=warning uptime,level,tags
 #1: stderr all=off uptime,level,tags

Environment Variables:
JAVA_HOME=/usr
PATH=/usr/local/sbin:/usr/local/bin:/usr/sbin:/usr/bin:/sbin:/bin
SHELL=/bin/bash
LANG=C.UTF-8
LC_ALL=C.UTF-8
TERM=tmux-256color

Active Locale:
LC_ALL=C.UTF-8
LC_COLLATE=C.UTF-8
LC_CTYPE=C.UTF-8
LC_MESSAGES=C.UTF-8
LC_MONETARY=C.UTF-8
LC_NUMERIC=C.UTF-8
LC_TIME=C.UTF-8

Signal Handlers:
   SIGSEGV: crash_handler in libjvm.so, mask=11100100010111111101111111111110, flags=SA_RESTART|SA_SIGINFO, unblocked
    SIGBUS: crash_handler in libjvm.so, mask=11100100010111111101111111111110, flags=SA_RESTART|SA_SIGINFO, unblocked
    SIGFPE: crash_handler in libjvm.so, mask=11100100010111111101111111111110, flags=SA_RESTART|SA_SIGINFO, unblocked
   SIGPIPE: javaSignalHandler in libjvm.so, mask=11100100010111111101111111111110, flags=SA_RESTART|SA_SIGINFO, unblocked
   SIGXFSZ: javaSignalHandler in libjvm.so, mask=11100100010111111101111111111110, flags=SA_RESTART|SA_SIGINFO, unblocked
    SIGILL: crash_handler in libjvm.so, mask=11100100010111111101111111111110, flags=SA_RESTART|SA_SIGINFO, unblocked
   SIGUSR2: SR_handler in libjvm.so, mask=00100000000000000000000000000000, flags=SA_RESTART|SA_SIGINFO, unblocked
    SIGHUP: UserHandler in libjvm.so, mask=11100100010111111101111111111110, flags=SA_RESTART|SA_SIGINFO, unblocked
    SIGINT: UserHandler in libjvm.so, mask=11100100010111111101111111111110, flags=SA_RESTART|SA_SIGINFO, unblocked
   SIGTERM: UserHandler in libjvm.so, mask=11100100010111111101111111111110, flags=SA_RESTART|SA_SIGINFO, unblocked
   SIGQUIT: UserHandler in libjvm.so, mask=11100100010111111101111111111110, flags=SA_RESTART|SA_SIGINFO, unblocked
   SIGTRAP: crash_handler in libjvm.so, mask=11100100010111111101111111111110, flags=SA_RESTART|SA_SIGINFO, unblocked


Periodic native trim disabled


---------------  S Y S T E M  ---------------

OS:
PRETTY_NAME="Debian GNU/Linux 12 (bookworm)"
NAME="Debian GNU/Linux"
VERSION_ID="12"
VERSION="12 (bookworm)"
VERSION_CODENAME=bookworm
ID=debian
HOME_URL="https://www.debian.org/"
SUPPORT_URL="https://www.debian.org/support"
BUG_REPORT_URL="https://bugs.debian.org/"
uname: Linux 4.19.91-c8dfc93.al7.x86_64 #1 SMP Tue Sep 26 10:25:51 UTC 2023 x86_64
OS uptime: 0 days 1:32 hours
libc: glibc 2.36 NPTL 2.36 
rlimit (soft/hard): STACK 8192k/infinity , CORE 0k/0k , NPROC 100000/100000 , NOFILE 100000/100000 , AS infinity/infinity , CPU infinity/infinity , DATA infinity/infinity , FSIZE infinity/infinity , MEMLOCK 64k/64k
load average: 2.81 1.10 0.61

/proc/meminfo:
MemTotal:        2152516 kB
MemFree:           22600 kB
MemAvailable:       5252 kB
Buffers:             188 kB
Cached:            11996 kB
SwapCached:            0 kB
Active:          2038760 kB
Inactive:           7264 kB
Active(anon):    2033828 kB
Inactive(anon):       16 kB
Active(file):       4932 kB
Inactive(file):     7248 kB
Unevictable:           0 kB
Mlocked:               0 kB
SwapTotal:             0 kB
SwapFree:              0 kB
Dirty:                72 kB
Writeback:             0 kB
AnonPages:       2033812 kB
Mapped:             9768 kB
Shmem:                32 kB
Slab:              34408 kB
SReclaimable:      20560 kB
SUnreclaim:        13848 kB
KernelStack:        3296 kB
PageTables:         5928 kB
NFS_Unstable:          0 kB
Bounce:                0 kB
WritebackTmp:          0 kB
CommitLimit:     1076256 kB
Committed_AS:    2294404 kB
VmallocTotal:   34359738367 kB
VmallocUsed:           0 kB
VmallocChunk:          0 kB
Percpu:              400 kB
AnonHugePages:    212992 kB
ShmemHugePages:        0 kB
ShmemPmdMapped:        0 kB
HugePages_Total:       0
HugePages_Free:        0
HugePages_Rsvd:        0
HugePages_Surp:        0
Hugepagesize:       2048 kB
Hugetlb:               0 kB
DirectMap4k:        8192 kB
DirectMap2M:     2523136 kB
DirectMap1G:           0 kB

/sys/kernel/mm/transparent_hugepage/enabled: [always] madvise never
/sys/kernel/mm/transparent_hugepage/hpage_pmd_size: 2097152
/sys/kernel/mm/transparent_hugepage/defrag (defrag/compaction efforts parameter): always defer defer+madvise madvise [never]

Process Memory:
Virtual Size: 3152272K (peak: 3227060K)
Resident Set Size: 226036K (peak: 226036K) (anon: 226036K, file: 0K, shmem: 0K)
Swapped out: 0K
C-Heap outstanding allocations: 37727K, retained: 50341K
glibc malloc tunables: (default)

/proc/sys/kernel/threads-max (system-wide limit on the number of threads): 1129
/proc/sys/vm/max_map_count (maximum number of memory map areas a process may have): 65530
/proc/sys/vm/swappiness (control to define how aggressively the kernel swaps out anonymous memory): 60
/proc/sys/kernel/pid_max (system-wide limit on number of process identifiers): 32768

container (cgroup) information:
container_type: cgroupv1
cpu_cpuset_cpus: 0-1
cpu_memory_nodes: 0
active_processor_count: 2
cpu_quota: no quota
cpu_period: 100000
cpu_shares: 12288
memory_limit_in_bytes: 2097152 k
memory_and_swap_limit_in_bytes: unlimited
memory_soft_limit_in_bytes: unlimited
memory_usage_in_bytes: 2064584 k
memory_max_usage_in_bytes: 2065672 k
rss_usage_in_bytes: 2023396 k
cache_usage_in_bytes: 11552 k
kernel_memory_limit_in_bytes: unlimited
kernel_memory_usage_in_bytes: 29456 k
kernel_memory_max_usage_in_bytes: 164424 k
maximum number of tasks: unlimited
current number of tasks: 129

KVM virtualization detected
Steal ticks since vm start: 970
Steal ticks percentage since vm start:  0.300

CPU: total 2 (initial active 2) (2 cores per cpu, 1 threads per core) family 6 model 106 stepping 6 microcode 0x1, cx8, cmov, fxsr, mmx, 3dnowpref, sse, sse2, sse3, ssse3, sse4.1, sse4.2, popcnt, lzcnt, tsc, tscinvbit, avx, avx2, aes, erms, clmul, bmi1, bmi2, adx, avx512f, avx512dq, avx512cd, avx512bw, avx512vl, sha, fma, vzeroupper, avx512_vpopcntdq, avx512_vpclmulqdq, avx512_vaes, avx512_vnni, clflush, clflushopt, clwb, avx512_vbmi2, avx512_vbmi, hv
CPU Model and flags from /proc/cpuinfo:
model name	: Intel(R) Xeon(R) Processor @ 2.90GHz
flags		: fpu vme de pse tsc msr pae mce cx8 apic sep mtrr pge mca cmov pat pse36 clflush mmx fxsr sse sse2 ss ht syscall nx pdpe1gb rdtscp lm constant_tsc rep_good nopl xtopology nonstop_tsc cpuid tsc_known_freq pni pclmulqdq ssse3 fma cx16 pcid sse4_1 sse4_2 x2apic movbe popcnt tsc_deadline_timer aes xsave avx f16c rdrand hypervisor lahf_lm abm 3dnowprefetch cpuid_fault invpcid_single ssbd ibrs ibpb stibp ibrs_enhanced fsgsbase tsc_adjust bmi1 avx2 smep bmi2 erms invpcid avx512f avx512dq rdseed adx smap avx512ifma clflushopt clwb avx512cd sha_ni avx512bw avx512vl xsaveopt xsavec xgetbv1 xsaves avx512vbmi umip avx512_vbmi2 gfni vaes vpclmulqdq avx512_vnni avx512_bitalg avx512_vpopcntdq md_clear arch_capabilities

Online cpus: 0-1
Offline cpus: 
BIOS frequency limitation: <Not Available>
Frequency switch latency (ns): <Not Available>
Available cpu frequencies: <Not Available>
Current governor: <Not Available>
Core performance/turbo boost: <Not Available>

Memory: 4k page, physical 2097152k(32568k free), swap 0k(0k free)
Page Sizes: 4k

vm_info: OpenJDK 64-Bit Server VM (17.0.20+8-1-deb12u1-Debian) for linux-amd64 JRE (17.0.20+8-1-deb12u1-Debian), built on Jul 28 2026 07:08:51 by "buildd" with gcc 12.2.0

END.
